Aug  7 07:08:49 hetznew postfix/smtpd[29845]: disconnect from adsl-64-237-182-177.prtc.net[64.237.182.177]
Aug  7 07:09:02 hetznew /USR/SBIN/CRON[29861]: (root) CMD (  [ -d /var/lib/php5 ] && find /var/lib/php5/ -type f -cmin +$(/usr/lib/php5/maxlifetime) -print0 | xargs -r -0 rm)
Aug  7 07:09:02 hetznew /USR/SBIN/CRON[29863]: (root) CMD (  [ -d /var/lib/php4 ] && find /var/lib/php4/ -type f -cmin +$(/usr/lib/php4/maxlifetime) -print0 | xargs -r -0 rm)
Aug  7 07:09:29 hetznew kernel: output: IN= OUT=eth0 SRC=85.10.198.18 DST=74.6.22.108 LEN=40 TOS=0x00 PREC=0x00 TTL=64 ID=0 DF PROTO=TCP SPT=80 DPT=35366 WINDOW=0 RES=0x00 RST URGP=0 
Aug  7 07:09:32 hetznew postfix/anvil[29312]: statistics: max connection rate 2/60s for (smtp:79.164.152.22) at Aug  7 07:08:12
Aug  7 07:09:32 hetznew postfix/anvil[29312]: statistics: max connection count 1 for (smtp:59.183.10.112) at Aug  7 06:59:48
Aug  7 07:09:32 hetznew postfix/anvil[29312]: statistics: max cache size 5 at Aug  7 07:07:38
Aug  7 07:10:01 hetznew /USR/SBIN/CRON[29883]: (al) CMD (sh /home/al/www/custservice.adiscon.com/email/catchemails.sh >/dev/null 2>&1)
Aug  7 07:10:07 hetznew pdns[15240]: Not authoritative for 'spoho.de', sending servfail to 70.102.195.5
Aug  7 07:11:16 hetznew kernel: output: IN= OUT=eth0 SRC=85.10.198.18 DST=74.6.22.108 LEN=40 TOS=0x00 PREC=0x00 TTL=64 ID=0 DF PROTO=TCP SPT=80 DPT=35366 WINDOW=0 RES=0x00 RST URGP=0 
Aug  7 07:11:22 hetznew kernel: output: IN= OUT=eth0 SRC=85.10.198.18 DST=203.131.250.85 LEN=40 TOS=0x00 PREC=0x00 TTL=64 ID=0 DF PROTO=TCP SPT=80 DPT=37251 WINDOW=0 RES=0x00 RST URGP=0 
Aug  7 07:11:25 hetznew last message repeated 2 times
Aug  7 07:11:26 hetznew kernel: input: IN=eth0 OUT= MAC=00:e0:4d:88:92:fe:00:02:85:04:40:80:08:00 SRC=202.97.238.206 DST=85.10.198.18 LEN=561 TOS=0x00 PREC=0x00 TTL=51 ID=0 DF PROTO=UDP SPT=60522 DPT=1026 LEN=541 
Aug  7 07:11:29 hetznew kernel: output: IN= OUT=eth0 SRC=85.10.198.18 DST=203.131.250.85 LEN=40 TOS=0x00 PREC=0x00 TTL=64 ID=0 DF PROTO=TCP SPT=80 DPT=37251 WINDOW=0 RES=0x00 RST URGP=0 
Aug  7 07:11:31 hetznew postfix/smtpd[29920]: connect from unknown[79.111.104.50]
Aug  7 07:11:33 hetznew postfix/smtpd[29920]: NOQUEUE: reject: RCPT from unknown[79.111.104.50]: 504 5.5.2 <your-3c28906035>: Helo command rejected: need fully-qualified hostname; from=<tennisqueen5@pcda.com> to=<privacy@adiscon.com> proto=ESMTP helo=<your-3c28906035>
Aug  7 07:11:34 hetznew postfix/smtpd[29920]: lost connection after DATA from unknown[79.111.104.50]
Aug  7 07:11:34 hetznew postfix/smtpd[29920]: disconnect from unknown[79.111.104.50]
Aug  7 07:11:37 hetznew kernel: output: IN= OUT=eth0 SRC=85.10.198.18 DST=203.131.250.85 LEN=40 TOS=0x00 PREC=0x00 TTL=64 ID=0 DF PROTO=TCP SPT=80 DPT=37251 WINDOW=0 RES=0x00 RST URGP=0 
Aug  7 07:11:37 hetznew postfix/smtpd[29920]: connect from unknown[122.139.27.180]
Aug  7 07:11:39 hetznew postfix/smtpd[29920]: NOQUEUE: reject: RCPT from unknown[122.139.27.180]: 504 5.5.2 <PC-07240919>: Helo command rejected: need fully-qualified hostname; from=<demarcatefc0@kathleenkane.com> to=<johnsmithsvt@adiscon.com> proto=ESMTP helo=<PC-07240919>
Aug  7 07:11:40 hetznew postfix/smtpd[29920]: lost connection after DATA from unknown[122.139.27.180]
Aug  7 07:11:40 hetznew postfix/smtpd[29920]: disconnect from unknown[122.139.27.180]
Aug  7 07:11:53 hetznew kernel: output: IN= OUT=eth0 SRC=85.10.198.18 DST=203.131.250.85 LEN=40 TOS=0x00 PREC=0x00 TTL=64 ID=0 DF PROTO=TCP SPT=80 DPT=37251 WINDOW=0 RES=0x00 RST URGP=0 
Aug  7 07:11:57 hetznew kernel: input: IN=eth0 OUT= MAC=00:e0:4d:88:92:fe:00:02:85:04:40:80:08:00 SRC=202.99.11.99 DST=78.47.87.194 LEN=404 TOS=0x00 PREC=0x00 TTL=114 ID=65256 PROTO=UDP SPT=1231 DPT=1434 LEN=384 
Aug  7 07:12:01 hetznew /USR/SBIN/CRON[29924]: (al) CMD (sh /home/al/www/custservice.adiscon.com/email/catchemails.sh >/dev/null 2>&1)
Aug  7 07:12:16 hetznew pdns[15240]: Not authoritative for 'spoho.de', sending servfail to 217.116.176.2
Aug  7 07:12:24 hetznew kernel: output: IN= OUT=eth0 SRC=85.10.198.18 DST=203.131.250.85 LEN=40 TOS=0x00 PREC=0x00 TTL=64 ID=0 DF PROTO=TCP SPT=80 DPT=37251 WINDOW=0 RES=0x00 RST URGP=0 
Aug  7 07:12:43 hetznew postfix/smtpd[29920]: warning: 79.164.152.22: hostname host-79-164-152-22.qwerty.ru verification failed: Name or service not known
Aug  7 07:12:43 hetznew postfix/smtpd[29920]: connect from unknown[79.164.152.22]
Aug  7 07:12:45 hetznew postfix/smtpd[29920]: NOQUEUE: reject_warning: RCPT from unknown[79.164.152.22]: 450 4.7.1 <host-79-164-152-22.qwerty.ru>: Helo command rejected: Host not found; from=<tek02@qcaa.com> to=<erftstadtticker@adiscon.com> proto=ESMTP helo=<host-79-164-152-22.qwerty.ru>
Aug  7 07:12:45 hetznew postfix/smtpd[29920]: NOQUEUE: reject: RCPT from unknown[79.164.152.22]: 554 5.7.1 <erftstadtticker@adiscon.com>: Recipient address rejected: No spam please; from=<tek02@qcaa.com> to=<erftstadtticker@adiscon.com> proto=ESMTP helo=<host-79-164-152-22.qwerty.ru>
Aug  7 07:12:45 hetznew postfix/smtpd[29920]: lost connection after DATA from unknown[79.164.152.22]
Aug  7 07:12:45 hetznew postfix/smtpd[29920]: disconnect from unknown[79.164.152.22]
Aug  7 07:12:59 hetznew postfix/smtpd[29920]: warning: 79.164.152.22: hostname host-79-164-152-22.qwerty.ru verification failed: Name or service not known
Aug  7 07:12:59 hetznew postfix/smtpd[29920]: connect from unknown[79.164.152.22]
Aug  7 07:13:01 hetznew postfix/smtpd[29920]: NOQUEUE: reject_warning: RCPT from unknown[79.164.152.22]: 450 4.7.1 <host-79-164-152-22.qwerty.ru>: Helo command rejected: Host not found; from=<mmkyu@bokoobikes.com> to=<erftstadtticker@adiscon.com> proto=ESMTP helo=<host-79-164-152-22.qwerty.ru>
Aug  7 07:13:01 hetznew postfix/smtpd[29920]: NOQUEUE: reject: RCPT from unknown[79.164.152.22]: 554 5.7.1 <erftstadtticker@adiscon.com>: Recipient address rejected: No spam please; from=<mmkyu@bokoobikes.com> to=<erftstadtticker@adiscon.com> proto=ESMTP helo=<host-79-164-152-22.qwerty.ru>
Aug  7 07:13:02 hetznew postfix/smtpd[29920]: lost connection after DATA from unknown[79.164.152.22]
Aug  7 07:13:02 hetznew postfix/smtpd[29920]: disconnect from unknown[79.164.152.22]
Aug  7 07:13:28 hetznew kernel: output: IN= OUT=eth0 SRC=85.10.198.18 DST=203.131.250.85 LEN=40 TOS=0x00 PREC=0x00 TTL=64 ID=0 DF PROTO=TCP SPT=80 DPT=37251 WINDOW=0 RES=0x00 RST URGP=0 
Aug  7 07:14:00 hetznew postfix/smtpd[29920]: connect from unknown[118.95.182.54]
Aug  7 07:14:01 hetznew /USR/SBIN/CRON[29930]: (al) CMD (sh /home/al/www/custservice.adiscon.com/email/catchemails.sh >/dev/null 2>&1)
Aug  7 07:14:02 hetznew postfix/smtpd[29920]: NOQUEUE: reject: RCPT from unknown[118.95.182.54]: 554 5.7.1 Service unavailable; Client host [118.95.182.54] blocked using zen.spamhaus.org; http://www.spamhaus.org/query/bl?ip=118.95.182.54; from=<70avitri@charleskendall.com> to=<hraja@adiscon.com> proto=ESMTP helo=<[118.95.182.54]>
Aug  7 07:14:03 hetznew postfix/smtpd[29920]: lost connection after DATA from unknown[118.95.182.54]
Aug  7 07:14:03 hetznew postfix/smtpd[29920]: disconnect from unknown[118.95.182.54]
Aug  7 07:14:13 hetznew postfix/smtpd[29920]: connect from localhost[127.0.0.1]
Aug  7 07:14:13 hetznew postfix/smtpd[29920]: D98FA7AED81: client=localhost[127.0.0.1]
Aug  7 07:14:13 hetznew postfix/cleanup[29934]: D98FA7AED81: message-id=<20080807051413.D98FA7AED81@mailin.adiscon.com>
Aug  7 07:14:13 hetznew postfix/smtpd[29920]: disconnect from localhost[127.0.0.1]
Aug  7 07:14:13 hetznew postfix/qmgr[29877]: D98FA7AED81: from=<alorbach@adiscon.com>, size=704, nrcpt=1 (queue active)
Aug  7 07:14:14 hetznew postfix/smtpd[29937]: connect from localhost[127.0.0.1]
Aug  7 07:14:14 hetznew postfix/smtpd[29937]: 1ECDB7AEE67: client=localhost[127.0.0.1]
Aug  7 07:14:14 hetznew postfix/cleanup[29934]: 1ECDB7AEE67: message-id=<20080807051413.D98FA7AED81@mailin.adiscon.com>
Aug  7 07:14:14 hetznew postfix/smtpd[29937]: disconnect from localhost[127.0.0.1]
Aug  7 07:14:14 hetznew amavis[29853]: (29853-01) Passed CLEAN, [127.0.0.1] <alorbach@adiscon.com> -> <SupportForumForwarder@adiscon.com>, Message-ID: <20080807051413.D98FA7AED81@mailin.adiscon.com>, mail_id: Xw1-u+lpOk3n, Hits: -, queued_as: 1ECDB7AEE67, 335 ms
Aug  7 07:14:14 hetznew postfix/smtp[29935]: D98FA7AED81: to=<SupportForumForwarder@adiscon.com>, relay=127.0.0.1[127.0.0.1]:10024, delay=0.45, delays=0.11/0.01/0.01/0.33, dsn=2.6.0, status=sent (250 2.6.0 Ok, id=29853-01, from MTA([127.0.0.1]:10025): 250 2.0.0 Ok: queued as 1ECDB7AEE67)
Aug  7 07:14:14 hetznew postfix/qmgr[29877]: 1ECDB7AEE67: from=<alorbach@adiscon.com>, size=1121, nrcpt=1 (queue active)
Aug  7 07:14:14 hetznew postfix/qmgr[29877]: D98FA7AED81: removed
Aug  7 07:14:15 hetznew postfix/smtp[29938]: 1ECDB7AEE67: to=<SupportForumForwarder@adiscon.com>, relay=fm.adiscon.com[80.135.189.174]:25, delay=1.4, delays=0.21/0.01/0.74/0.41, dsn=2.0.0, status=sent (250 Ok: queued as DB5FE3AE28B)
Aug  7 07:14:15 hetznew postfix/qmgr[29877]: 1ECDB7AEE67: removed
Aug  7 07:14:55 hetznew postfix/smtpd[29920]: connect from p5087BDAE.dip.t-dialin.net[80.135.189.174]
Aug  7 07:14:56 hetznew postfix/smtpd[29920]: 0406B7AED81: client=p5087BDAE.dip.t-dialin.net[80.135.189.174], sasl_method=LOGIN, sasl_username=adiscontest@mailin.adiscon.com
Aug  7 07:14:56 hetznew postfix/cleanup[29934]: 0406B7AED81: message-id=<1218093360.812057.2110-root@172.16.0.222>
Aug  7 07:15:18 hetznew postfix/qmgr[29877]: 0406B7AED81: from=<alorbach@ro1.adiscon.com>, size=1113778, nrcpt=1 (queue active)
Aug  7 07:15:18 hetznew postfix/smtpd[29920]: disconnect from p5087BDAE.dip.t-dialin.net[80.135.189.174]
Aug  7 07:15:18 hetznew postfix/smtpd[29937]: connect from localhost[127.0.0.1]
Aug  7 07:15:18 hetznew postfix/smtpd[29937]: 3D4D37AEE67: client=localhost[127.0.0.1]
Aug  7 07:15:18 hetznew postfix/cleanup[29934]: 3D4D37AEE67: message-id=<1218093360.812057.2110-root@172.16.0.222>
Aug  7 07:15:18 hetznew postfix/smtpd[29937]: disconnect from localhost[127.0.0.1]
Aug  7 07:15:18 hetznew amavis[29833]: (29833-02) Passed CLEAN, [80.135.189.174] <alorbach@ro1.adiscon.com> -> <rgerhards@gmail.com>, Message-ID: <1218093360.812057.2110-root@172.16.0.222>, mail_id: GYUBRnsGZ7rr, Hits: -, queued_as: 3D4D37AEE67, 426 ms
Aug  7 07:15:18 hetznew postfix/smtp[29935]: 0406B7AED81: to=<rgerhards@gmail.com>, relay=127.0.0.1[127.0.0.1]:10024, delay=23, delays=22/0/0/0.43, dsn=2.6.0, status=sent (250 2.6.0 Ok, id=29833-02, from MTA([127.0.0.1]:10025): 250 2.0.0 Ok: queued as 3D4D37AEE67)
Aug  7 07:15:18 hetznew postfix/qmgr[29877]: 3D4D37AEE67: from=<alorbach@ro1.adiscon.com>, size=1114167, nrcpt=1 (queue active)
Aug  7 07:15:18 hetznew postfix/qmgr[29877]: 0406B7AED81: removed
Aug  7 07:15:19 hetznew postfix/smtp[29938]: 3D4D37AEE67: to=<rgerhards@gmail.com>, relay=gmail-smtp-in.l.google.com[72.14.221.114]:25, delay=1.1, delays=0.2/0/0.03/0.84, dsn=2.0.0, status=sent (250 2.0.0 OK 1218086189 d4si1976000fga.8)
Aug  7 07:15:19 hetznew postfix/qmgr[29877]: 3D4D37AEE67: removed
Aug  7 07:15:21 hetznew kernel: input: IN=eth0 OUT= MAC=00:e0:4d:88:92:fe:00:02:85:04:40:80:08:00 SRC=78.42.114.180 DST=78.47.87.197 LEN=64 TOS=0x00 PREC=0x00 TTL=39 ID=35074 DF PROTO=TCP SPT=27598 DPT=135 WINDOW=53760 RES=0x00 SYN URGP=0 
Aug  7 07:15:24 hetznew kernel: input: IN=eth0 OUT= MAC=00:e0:4d:88:92:fe:00:02:85:04:40:80:08:00 SRC=78.42.114.180 DST=78.47.87.197 LEN=64 TOS=0x00 PREC=0x00 TTL=39 ID=36818 DF PROTO=TCP SPT=27598 DPT=135 WINDOW=53760 RES=0x00 SYN URGP=0 
Aug  7 07:15:59 hetznew pdns[15240]: Not authoritative for 'spoho.de', sending servfail to 80.237.128.131
Aug  7 07:16:01 hetznew /USR/SBIN/CRON[29980]: (al) CMD (sh /home/al/www/custservice.adiscon.com/email/catchemails.sh >/dev/null 2>&1)
Aug  7 07:16:46 hetznew postfix/smtpd[29920]: connect from unknown[94.98.27.15]
Aug  7 07:16:49 hetznew postfix/smtpd[29920]: NOQUEUE: reject: RCPT from unknown[94.98.27.15]: 554 5.7.1 Service unavailable; Client host [94.98.27.15] blocked using zen.spamhaus.org; http://www.spamhaus.org/query/bl?ip=94.98.27.15; from=<WMUCBBUMCUTFQ@17.com> to=<rgerhards@adiscon.com> proto=SMTP helo=<server40.welcometelecom.ru>
Aug  7 07:16:50 hetznew postfix/smtpd[29920]: disconnect from unknown[94.98.27.15]
Aug  7 07:16:59 hetznew kernel: output: IN= OUT=eth0 SRC=85.10.198.18 DST=210.150.10.41 LEN=40 TOS=0x00 PREC=0x00 TTL=64 ID=0 DF PROTO=TCP SPT=80 DPT=39232 WINDOW=0 RES=0x00 RST URGP=0 
Aug  7 07:17:00 hetznew kernel: output: IN= OUT=eth0 SRC=85.10.198.18 DST=210.150.10.41 LEN=40 TOS=0x00 PREC=0x00 TTL=64 ID=0 DF PROTO=TCP SPT=80 DPT=39232 WINDOW=0 RES=0x00 RST URGP=0 
Aug  7 07:17:01 hetznew /USR/SBIN/CRON[29988]: (root) CMD (   cd / && run-parts --report /etc/cron.hourly)
Aug  7 07:17:03 hetznew kernel: output: IN= OUT=eth0 SRC=85.10.198.18 DST=210.150.10.41 LEN=40 TOS=0x00 PREC=0x00 TTL=64 ID=0 DF PROTO=TCP SPT=80 DPT=39232 WINDOW=0 RES=0x00 RST URGP=0 
Aug  7 07:17:16 hetznew last message repeated 2 times
Aug  7 07:17:32 hetznew postfix/smtpd[29920]: connect from p5087BDAE.dip.t-dialin.net[80.135.189.174]
Aug  7 07:17:33 hetznew postfix/smtpd[29920]: 6FC117AED81: client=p5087BDAE.dip.t-dialin.net[80.135.189.174], sasl_method=LOGIN, sasl_username=adiscontest@mailin.adiscon.com
Aug  7 07:17:33 hetznew postfix/cleanup[29990]: 6FC117AED81: message-id=<1218093517.23517.2181-root@172.16.0.222>
Aug  7 07:17:34 hetznew kernel: output: IN= OUT=eth0 SRC=85.10.198.18 DST=210.150.10.41 LEN=40 TOS=0x00 PREC=0x00 TTL=64 ID=0 DF PROTO=TCP SPT=80 DPT=39232 WINDOW=0 RES=0x00 RST URGP=0 
Aug  7 07:17:39 hetznew postfix/smtpd[29991]: connect from s15216452.onlinehome-server.info[87.106.22.190]
Aug  7 07:17:39 hetznew postfix/smtpd[29991]: 2FE537AEE67: client=s15216452.onlinehome-server.info[87.106.22.190]
Aug  7 07:17:39 hetznew postfix/cleanup[29993]: 2FE537AEE67: message-id=<S15216452OsNIo8Tl6x00000003@s164664205.online.de>
Aug  7 07:17:39 hetznew postfix/smtpd[29991]: disconnect from s15216452.onlinehome-server.info[87.106.22.190]
Aug  7 07:17:39 hetznew postfix/qmgr[29877]: 2FE537AEE67: from=<s164664205@adiscon.com>, size=1063, nrcpt=1 (queue active)
Aug  7 07:17:39 hetznew postfix/smtpd[29996]: connect from localhost[127.0.0.1]
Aug  7 07:17:39 hetznew postfix/smtpd[29996]: 6B3AA7AEEBA: client=localhost[127.0.0.1]
Aug  7 07:17:39 hetznew postfix/cleanup[29993]: 6B3AA7AEEBA: message-id=<S15216452OsNIo8Tl6x00000003@s164664205.online.de>
Aug  7 07:17:39 hetznew postfix/smtpd[29996]: disconnect from localhost[127.0.0.1]
Aug  7 07:17:39 hetznew amavis[29853]: (29853-02) Passed CLEAN, [87.106.22.190] <s164664205@adiscon.com> -> <error404@ro1.adiscon.com>, Message-ID: <S15216452OsNIo8Tl6x00000003@s164664205.online.de>, mail_id: PezF16yG3S8f, Hits: -, queued_as: 6B3AA7AEEBA, 208 ms
Aug  7 07:17:39 hetznew postfix/smtp[29994]: 2FE537AEE67: to=<error404@ro1.adiscon.com>, relay=127.0.0.1[127.0.0.1]:10024, delay=0.35, delays=0.14/0.01/0/0.21, dsn=2.6.0, status=sent (250 2.6.0 Ok, id=29853-02, from MTA([127.0.0.1]:10025): 250 2.0.0 Ok: queued as 6B3AA7AEEBA)
Aug  7 07:17:39 hetznew postfix/qmgr[29877]: 6B3AA7AEEBA: from=<s164664205@adiscon.com>, size=1462, nrcpt=1 (queue active)
Aug  7 07:17:39 hetznew postfix/qmgr[29877]: 2FE537AEE67: removed
Aug  7 07:17:41 hetznew postfix/smtp[29997]: 6B3AA7AEEBA: to=<error404@ro1.adiscon.com>, relay=fm.adiscon.com[80.135.189.174]:25, delay=1.6, delays=0.13/0.01/1/0.47, dsn=2.0.0, status=sent (250 Ok: queued as BA6FE3AE28B)
Aug  7 07:17:41 hetznew postfix/qmgr[29877]: 6B3AA7AEEBA: removed
Aug  7 07:18:00 hetznew postfix/qmgr[29877]: 6FC117AED81: from=<alorbach@ro1.adiscon.com>, size=1302785, nrcpt=1 (queue active)
Aug  7 07:18:00 hetznew postfix/smtpd[29920]: disconnect from p5087BDAE.dip.t-dialin.net[80.135.189.174]
Aug  7 07:18:00 hetznew postfix/smtpd[29996]: connect from localhost[127.0.0.1]
Aug  7 07:18:00 hetznew postfix/smtpd[29996]: 672DF7AEE67: client=localhost[127.0.0.1]
Aug  7 07:18:00 hetznew postfix/cleanup[29993]: 672DF7AEE67: message-id=<1218093517.23517.2181-root@172.16.0.222>
Aug  7 07:18:00 hetznew postfix/smtpd[29996]: disconnect from localhost[127.0.0.1]
Aug  7 07:18:00 hetznew amavis[29833]: (29833-03) Passed CLEAN, [80.135.189.174] <alorbach@ro1.adiscon.com> -> <rgerhards@gmail.com>, Message-ID: <1218093517.23517.2181-root@172.16.0.222>, mail_id: uUqmwCSgZQfV, Hits: -, queued_as: 672DF7AEE67, 553 ms
Aug  7 07:18:00 hetznew postfix/smtp[29994]: 6FC117AED81: to=<rgerhards@gmail.com>, relay=127.0.0.1[127.0.0.1]:10024, delay=27, delays=27/0/0/0.55, dsn=2.6.0, status=sent (250 2.6.0 Ok, id=29833-03, from MTA([127.0.0.1]:10025): 250 2.0.0 Ok: queued as 672DF7AEE67)
Aug  7 07:18:00 hetznew postfix/qmgr[29877]: 672DF7AEE67: from=<alorbach@ro1.adiscon.com>, size=1303174, nrcpt=1 (queue active)
Aug  7 07:18:00 hetznew postfix/qmgr[29877]: 6FC117AED81: removed
Aug  7 07:18:01 hetznew /USR/SBIN/CRON[30000]: (al) CMD (sh /home/al/www/custservice.adiscon.com/email/catchemails.sh >/dev/null 2>&1)
Aug  7 07:18:01 hetznew postfix/smtp[29997]: 672DF7AEE67: to=<rgerhards@gmail.com>, relay=gmail-smtp-in.l.google.com[72.14.221.27]:25, delay=1.2, delays=0.3/0/0.02/0.92, dsn=2.0.0, status=sent (250 2.0.0 OK 1218086352 e20si4127540fga.1)
Aug  7 07:18:01 hetznew postfix/qmgr[29877]: 672DF7AEE67: removed
Aug  7 07:18:05 hetznew pdns[15240]: 1 slave domain needs checking
Aug  7 07:18:05 hetznew pdns[15240]: Domain ultrastats.org is fresh
Aug  7 07:18:09 hetznew kernel: output: IN= OUT=eth0 SRC=85.10.198.18 DST=210.150.10.41 LEN=40 TOS=0x00 PREC=0x00 TTL=64 ID=0 DF PROTO=TCP SPT=80 DPT=39232 WINDOW=0 RES=0x00 RST URGP=0 
Aug  7 07:18:18 hetznew pdns[15240]: Not authoritative for 'spoho.de', sending servfail to 78.46.45.8
Aug  7 07:18:35 hetznew postfix/smtpd[29991]: connect from unknown[79.111.104.50]
Aug  7 07:18:37 hetznew postfix/smtpd[29991]: NOQUEUE: reject: RCPT from unknown[79.111.104.50]: 504 5.5.2 <your-3c28906035>: Helo command rejected: need fully-qualified hostname; from=<dwsaratogianm@saratogian.com> to=<privacy@adiscon.com> proto=ESMTP helo=<your-3c28906035>
Aug  7 07:18:38 hetznew postfix/smtpd[29991]: lost connection after DATA from unknown[79.111.104.50]
Aug  7 07:18:38 hetznew postfix/smtpd[29991]: disconnect from unknown[79.111.104.50]
Aug  7 07:18:43 hetznew pdns[15240]: Not authoritative for 'spoho.de', sending servfail to 193.219.28.170
Aug  7 07:19:05 hetznew pdns[15240]: All slave domains are fresh
Aug  7 07:19:06 hetznew postfix/smtpd[29920]: connect from s15216452.onlinehome-server.info[87.106.22.190]
Aug  7 07:19:06 hetznew postfix/smtpd[29920]: 43EE27AED81: client=s15216452.onlinehome-server.info[87.106.22.190]
Aug  7 07:19:06 hetznew postfix/cleanup[29990]: 43EE27AED81: message-id=<S15216452liS0ViQ5VH00000004@s164664205.online.de>
Aug  7 07:19:06 hetznew postfix/smtpd[29920]: disconnect from s15216452.onlinehome-server.info[87.106.22.190]
Aug  7 07:19:06 hetznew postfix/qmgr[29877]: 43EE27AED81: from=<s164664205@adiscon.com>, size=1048, nrcpt=1 (queue active)
Aug  7 07:19:06 hetznew postfix/smtpd[29996]: connect from localhost[127.0.0.1]
Aug  7 07:19:06 hetznew postfix/smtpd[29996]: 772127AEE67: client=localhost[127.0.0.1]
Aug  7 07:19:06 hetznew postfix/cleanup[29993]: 772127AEE67: message-id=<S15216452liS0ViQ5VH00000004@s164664205.online.de>
Aug  7 07:19:06 hetznew postfix/smtpd[29996]: disconnect from localhost[127.0.0.1]
Aug  7 07:19:06 hetznew amavis[29853]: (29853-03) Passed CLEAN, [87.106.22.190] <s164664205@adiscon.com> -> <error404@ro1.adiscon.com>, Message-ID: <S15216452liS0ViQ5VH00000004@s164664205.online.de>, mail_id: jQQ8vatzXL9V, Hits: -, queued_as: 772127AEE67, 147 ms
Aug  7 07:19:06 hetznew postfix/smtp[29994]: 43EE27AED81: to=<error404@ro1.adiscon.com>, relay=127.0.0.1[127.0.0.1]:10024, delay=0.3, delays=0.14/0/0/0.15, dsn=2.6.0, status=sent (250 2.6.0 Ok, id=29853-03, from MTA([127.0.0.1]:10025): 250 2.0.0 Ok: queued as 772127AEE67)
Aug  7 07:19:06 hetznew postfix/qmgr[29877]: 772127AEE67: from=<s164664205@adiscon.com>, size=1447, nrcpt=1 (queue active)
Aug  7 07:19:06 hetznew postfix/qmgr[29877]: 43EE27AED81: removed
Aug  7 07:19:07 hetznew postfix/smtp[29997]: 772127AEE67: to=<error404@ro1.adiscon.com>, relay=fm.adiscon.com[80.135.189.174]:25, delay=1.1, delays=0.09/0/0.63/0.39, dsn=2.0.0, status=sent (250 Ok: queued as 7D4D63AE28B)
Aug  7 07:19:07 hetznew postfix/qmgr[29877]: 772127AEE67: removed
Aug  7 07:19:20 hetznew kernel: output: IN= OUT=eth0 SRC=85.10.198.18 DST=210.150.10.41 LEN=40 TOS=0x00 PREC=0x00 TTL=64 ID=0 DF PROTO=TCP SPT=80 DPT=39232 WINDOW=0 RES=0x00 RST URGP=0 
Aug  7 07:19:20 hetznew pdns[15240]: Not authoritative for 'spoho.de', sending servfail to 62.162.150.228
Aug  7 07:19:32 hetznew postfix/anvil[29312]: statistics: max connection rate 2/60s for (smtp:79.164.152.22) at Aug  7 07:12:59
Aug  7 07:19:32 hetznew postfix/anvil[29312]: statistics: max connection count 1 for (smtp:79.111.104.50) at Aug  7 07:11:31
Aug  7 07:19:32 hetznew postfix/anvil[29312]: statistics: max cache size 2 at Aug  7 07:11:37
Aug  7 07:20:01 hetznew /USR/SBIN/CRON[30011]: (al) CMD (sh /home/al/www/custservice.adiscon.com/email/catchemails.sh >/dev/null 2>&1)
Aug  7 07:20:14 hetznew postfix/smtpd[29991]: warning: 62.165.39.120: hostname 62.165.39.120.uralhosting.ru verification failed: Name or service not known
Aug  7 07:20:14 hetznew postfix/smtpd[29991]: connect from unknown[62.165.39.120]
Aug  7 07:20:16 hetznew postfix/smtpd[29991]: NOQUEUE: reject_warning: RCPT from unknown[62.165.39.120]: 450 4.7.1 <62.165.39.120.uralhosting.ru>: Helo command rejected: Host not found; from=<dwscrewmaticm@screwmatic.com> to=<privacy@adiscon.com> proto=ESMTP helo=<62.165.39.120.uralhosting.ru>
Aug  7 07:20:16 hetznew postfix/smtpd[29991]: NOQUEUE: reject: RCPT from unknown[62.165.39.120]: 554 5.7.1 Service unavailable; Client host [62.165.39.120] blocked using zen.spamhaus.org; http://www.spamhaus.org/query/bl?ip=62.165.39.120; from=<dwscrewmaticm@screwmatic.com> to=<privacy@adiscon.com> proto=ESMTP helo=<62.165.39.120.uralhosting.ru>
Aug  7 07:20:16 hetznew postfix/smtpd[29991]: lost connection after DATA from unknown[62.165.39.120]
Aug  7 07:20:16 hetznew postfix/smtpd[29991]: disconnect from unknown[62.165.39.120]
Aug  7 07:21:02 hetznew postfix/smtpd[29991]: warning: 62.165.39.120: hostname 62.165.39.120.uralhosting.ru verification failed: Name or service not known
Aug  7 07:21:02 hetznew postfix/smtpd[29991]: connect from unknown[62.165.39.120]
Aug  7 07:21:04 hetznew postfix/smtpd[29991]: NOQUEUE: reject_warning: RCPT from unknown[62.165.39.120]: 450 4.7.1 <62.165.39.120.uralhosting.ru>: Helo command rejected: Host not found; from=<dwpretzelmanm@pretzelman.com> to=<privacy@adiscon.com> proto=ESMTP helo=<62.165.39.120.uralhosting.ru>
Aug  7 07:21:04 hetznew postfix/smtpd[29991]: NOQUEUE: reject: RCPT from unknown[62.165.39.120]: 554 5.7.1 Service unavailable; Client host [62.165.39.120] blocked using zen.spamhaus.org; http://www.spamhaus.org/query/bl?ip=62.165.39.120; from=<dwpretzelmanm@pretzelman.com> to=<privacy@adiscon.com> proto=ESMTP helo=<62.165.39.120.uralhosting.ru>
Aug  7 07:21:05 hetznew postfix/smtpd[29991]: lost connection after DATA from unknown[62.165.39.120]
Aug  7 07:21:05 hetznew postfix/smtpd[29991]: disconnect from unknown[62.165.39.120]
Aug  7 07:21:20 hetznew postfix/qmgr[29877]: 471407AC121: from=<www-data@adiscon.com>, size=2091, nrcpt=1 (queue active)
Aug  7 07:21:20 hetznew postfix/qmgr[29877]: 9CAC77AF022: from=<>, size=3033, nrcpt=1 (queue active)
Aug  7 07:21:20 hetznew postfix/smtp[30016]: connect to mailgate1.itsystemsservice.de[217.64.170.2]: Connection refused (port 25)
Aug  7 07:21:21 hetznew postfix/smtp[30016]: 471407AC121: to=<dirk.schulz@kinzesberg.de>, relay=mailgate2.itsystemsservice.de[217.64.170.3]:25, delay=1242, delays=1241/0.1/0.16/0.64, dsn=2.0.0, status=sent (250 2.0.0 Ok: queued as 19D7C6405F)
Aug  7 07:21:21 hetznew postfix/qmgr[29877]: 471407AC121: removed
Aug  7 07:21:27 hetznew postfix/smtpd[29991]: warning: 62.165.39.120: hostname 62.165.39.120.uralhosting.ru verification failed: Name or service not known
Aug  7 07:21:27 hetznew postfix/smtpd[29991]: connect from unknown[62.165.39.120]
Aug  7 07:21:29 hetznew postfix/smtpd[29991]: NOQUEUE: reject_warning: RCPT from unknown[62.165.39.120]: 450 4.7.1 <62.165.39.120.uralhosting.ru>: Helo command rejected: Host not found; from=<dwqimedicalm@qimedical.com> to=<privacy@adiscon.com> proto=ESMTP helo=<62.165.39.120.uralhosting.ru>
Aug  7 07:21:29 hetznew postfix/smtpd[29991]: NOQUEUE: reject: RCPT from unknown[62.165.39.120]: 554 5.7.1 Service unavailable; Client host [62.165.39.120] blocked using zen.spamhaus.org; http://www.spamhaus.org/query/bl?ip=62.165.39.120; from=<dwqimedicalm@qimedical.com> to=<privacy@adiscon.com> proto=ESMTP helo=<62.165.39.120.uralhosting.ru>
Aug  7 07:21:30 hetznew postfix/smtpd[29991]: lost connection after DATA from unknown[62.165.39.120]
Aug  7 07:21:30 hetznew postfix/smtpd[29991]: disconnect from unknown[62.165.39.120]
Aug  7 07:21:50 hetznew postfix/smtp[30017]: connect to example.net[208.77.188.166]: Connection timed out (port 25)
Aug  7 07:21:51 hetznew postfix/smtp[30017]: 9CAC77AF022: to=<rsyslog@example.net>, relay=none, delay=233140, delays=233110/0.31/30/0, dsn=4.4.1, status=deferred (connect to example.net[208.77.188.166]: Connection timed out)
Aug  7 07:22:01 hetznew /USR/SBIN/CRON[30020]: (al) CMD (sh /home/al/www/custservice.adiscon.com/email/catchemails.sh >/dev/null 2>&1)
Aug  7 07:22:24 hetznew pdns[15240]: Not authoritative for 'www.spoho.de', sending servfail to 85.10.200.249
Aug  7 07:22:43 hetznew postfix/smtpd[29991]: connect from unknown[60.210.198.37]
Aug  7 07:22:46 hetznew postfix/smtpd[29991]: NOQUEUE: reject: RCPT from unknown[60.210.198.37]: 554 5.7.1 Service unavailable; Client host [60.210.198.37] blocked using zen.spamhaus.org; http://www.spamhaus.org/query/bl?ip=60.210.198.37; from=<Ryne-mutkan@44immo.com> to=<lkoch@hq.adiscon.com> proto=ESMTP helo=<[218.57.178.183]>
Aug  7 07:22:46 hetznew postfix/smtpd[29991]: disconnect from unknown[60.210.198.37]
Aug  7 07:23:02 hetznew kernel: input: IN=eth0 OUT= MAC=00:e0:4d:88:92:fe:00:02:85:04:40:80:08:00 SRC=221.2.243.126 DST=78.47.87.192 LEN=48 TOS=0x00 PREC=0x00 TTL=116 ID=26736 PROTO=TCP SPT=7203 DPT=12749 WINDOW=16384 RES=0x00 ACK SYN URGP=0 
Aug  7 07:23:04 hetznew kernel: input: IN=eth0 OUT= MAC=00:e0:4d:88:92:fe:00:02:85:04:40:80:08:00 SRC=221.2.243.126 DST=78.47.87.192 LEN=48 TOS=0x00 PREC=0x00 TTL=116 ID=32648 PROTO=TCP SPT=7203 DPT=12749 WINDOW=16384 RES=0x00 ACK SYN URGP=0 
Aug  7 07:23:08 hetznew postfix/smtpd[29991]: connect from unknown[88.205.215.52]
Aug  7 07:23:10 hetznew postfix/smtpd[29991]: NOQUEUE: reject: RCPT from unknown[88.205.215.52]: 554 5.7.1 Service unavailable; Client host [88.205.215.52] blocked using zen.spamhaus.org; http://www.spamhaus.org/query/bl?ip=88.205.215.52; from=<dwspiderbeem@spiderbee.com> to=<privacy@adiscon.com> proto=ESMTP helo=<[88.205.215.52]>
Aug  7 07:23:11 hetznew postfix/smtpd[29991]: lost connection after DATA from unknown[88.205.215.52]
Aug  7 07:23:11 hetznew postfix/smtpd[29991]: disconnect from unknown[88.205.215.52]
Aug  7 07:23:14 hetznew kernel: output: IN= OUT=eth0 SRC=85.10.198.18 DST=213.6.250.122 LEN=40 TOS=0x00 PREC=0x00 TTL=64 ID=0 DF PROTO=TCP SPT=80 DPT=37817 WINDOW=0 RES=0x00 RST URGP=0 
Aug  7 07:23:15 hetznew kernel: output: IN= OUT=eth0 SRC=85.10.198.18 DST=213.6.250.122 LEN=40 TOS=0x00 PREC=0x00 TTL=64 ID=0 DF PROTO=TCP SPT=80 DPT=37817 WINDOW=0 RES=0x00 RST URGP=0 
Aug  7 07:23:17 hetznew postfix/smtpd[29991]: connect from unknown[77.46.231.238]
Aug  7 07:23:17 hetznew kernel: output: IN= OUT=eth0 SRC=85.10.198.18 DST=213.6.250.122 LEN=40 TOS=0x00 PREC=0x00 TTL=64 ID=0 DF PROTO=TCP SPT=80 DPT=37817 WINDOW=0 RES=0x00 RST URGP=0 
Aug  7 07:23:19 hetznew postfix/smtpd[29991]: NOQUEUE: reject: RCPT from unknown[77.46.231.238]: 554 5.7.1 Service unavailable; Client host [77.46.231.238] blocked using zen.spamhaus.org; http://www.spamhaus.org/query/bl?ip=77.46.231.238; from=<lagss8@hoteliv.com> to=<info@adiscon.de> proto=ESMTP helo=<[77.46.231.238]>
Aug  7 07:23:19 hetznew postfix/smtpd[29991]: lost connection after DATA from unknown[77.46.231.238]
Aug  7 07:23:19 hetznew postfix/smtpd[29991]: disconnect from unknown[77.46.231.238]
Aug  7 07:23:20 hetznew kernel: output: IN= OUT=eth0 SRC=85.10.198.18 DST=213.6.250.122 LEN=40 TOS=0x00 PREC=0x00 TTL=64 ID=0 DF PROTO=TCP SPT=80 DPT=37817 WINDOW=0 RES=0x00 RST URGP=0 
Aug  7 07:23:24 hetznew postfix/smtpd[29991]: connect from p5087BDAE.dip.t-dialin.net[80.135.189.174]
Aug  7 07:23:24 hetznew kernel: output: IN= OUT=eth0 SRC=85.10.198.18 DST=213.6.250.122 LEN=40 TOS=0x00 PREC=0x00 TTL=64 ID=0 DF PROTO=TCP SPT=80 DPT=37817 WINDOW=0 RES=0x00 RST URGP=0 
Aug  7 07:23:25 hetznew postfix/smtpd[29991]: 11C9F7AC121: client=p5087BDAE.dip.t-dialin.net[80.135.189.174], sasl_method=LOGIN, sasl_username=adiscontest@mailin.adiscon.com
Aug  7 07:23:25 hetznew postfix/cleanup[30024]: 11C9F7AC121: message-id=<1218093869.181133.2254-root@172.16.0.222>
Aug  7 07:23:30 hetznew kernel: output: IN= OUT=eth0 SRC=85.10.198.18 DST=213.6.250.122 LEN=40 TOS=0x00 PREC=0x00 TTL=64 ID=0 DF PROTO=TCP SPT=80 DPT=37817 WINDOW=0 RES=0x00 RST URGP=0 
Aug  7 07:23:33 hetznew kernel: input: IN=eth0 OUT= MAC=00:e0:4d:88:92:fe:00:02:85:04:40:80:08:00 SRC=221.2.243.126 DST=78.47.87.192 LEN=48 TOS=0x00 PREC=0x00 TTL=116 ID=11476 PROTO=TCP SPT=7202 DPT=12749 WINDOW=16384 RES=0x00 ACK SYN URGP=0 
Aug  7 07:23:36 hetznew kernel: input: IN=eth0 OUT= MAC=00:e0:4d:88:92:fe:00:02:85:04:40:80:08:00 SRC=221.2.243.126 DST=78.47.87.192 LEN=48 TOS=0x00 PREC=0x00 TTL=116 ID=25379 PROTO=TCP SPT=7202 DPT=12749 WINDOW=16384 RES=0x00 ACK SYN URGP=0 
Aug  7 07:23:39 hetznew kernel: output: IN= OUT=eth0 SRC=85.10.198.18 DST=213.6.250.122 LEN=40 TOS=0x00 PREC=0x00 TTL=64 ID=0 DF PROTO=TCP SPT=80 DPT=37817 WINDOW=0 RES=0x00 RST URGP=0 
Aug  7 07:23:50 hetznew postfix/qmgr[29877]: 11C9F7AC121: from=<alorbach@ro1.adiscon.com>, size=1234212, nrcpt=1 (queue active)
Aug  7 07:23:50 hetznew postfix/smtpd[29991]: disconnect from p5087BDAE.dip.t-dialin.net[80.135.189.174]
Aug  7 07:23:50 hetznew postfix/smtpd[30027]: connect from localhost[127.0.0.1]
Aug  7 07:23:50 hetznew postfix/smtpd[30027]: 5C36D7AED81: client=localhost[127.0.0.1]
Aug  7 07:23:50 hetznew postfix/cleanup[30024]: 5C36D7AED81: message-id=<1218093869.181133.2254-root@172.16.0.222>
Aug  7 07:23:50 hetznew postfix/smtpd[30027]: disconnect from localhost[127.0.0.1]
Aug  7 07:23:50 hetznew amavis[29833]: (29833-04) Passed CLEAN, [80.135.189.174] <alorbach@ro1.adiscon.com> -> <rgerhards@gmail.com>, Message-ID: <1218093869.181133.2254-root@172.16.0.222>, mail_id: gQWLKjzUKuzK, Hits: -, queued_as: 5C36D7AED81, 472 ms
Aug  7 07:23:50 hetznew postfix/smtp[30025]: 11C9F7AC121: to=<rgerhards@gmail.com>, relay=127.0.0.1[127.0.0.1]:10024, delay=26, delays=25/0.01/0/0.47, dsn=2.6.0, status=sent (250 2.6.0 Ok, id=29833-04, from MTA([127.0.0.1]:10025): 250 2.0.0 Ok: queued as 5C36D7AED81)
Aug  7 07:23:50 hetznew postfix/qmgr[29877]: 5C36D7AED81: from=<alorbach@ro1.adiscon.com>, size=1234601, nrcpt=1 (queue active)
Aug  7 07:23:50 hetznew postfix/qmgr[29877]: 11C9F7AC121: removed
Aug  7 07:23:51 hetznew kernel: output: IN= OUT=eth0 SRC=85.10.198.18 DST=213.6.250.122 LEN=40 TOS=0x00 PREC=0x00 TTL=64 ID=0 DF PROTO=TCP SPT=80 DPT=37817 WINDOW=0 RES=0x00 RST URGP=0 
Aug  7 07:23:51 hetznew postfix/smtp[30028]: 5C36D7AED81: to=<rgerhards@gmail.com>, relay=gmail-smtp-in.l.google.com[72.14.221.114]:25, delay=1, delays=0.22/0.01/0.02/0.77, dsn=2.0.0, status=sent (250 2.0.0 OK 1218086703 d4si1983103fga.8)
Aug  7 07:23:51 hetznew postfix/qmgr[29877]: 5C36D7AED81: removed
Aug  7 07:23:57 hetznew postfix/smtpd[29991]: connect from unknown[88.205.215.52]
Aug  7 07:23:59 hetznew postfix/smtpd[29991]: NOQUEUE: reject: RCPT from unknown[88.205.215.52]: 554 5.7.1 Service unavailable; Client host [88.205.215.52] blocked using zen.spamhaus.org; http://www.spamhaus.org/query/bl?ip=88.205.215.52; from=<dwquarternoteprom@quarternotepro.com> to=<privacy@adiscon.com> proto=ESMTP helo=<[88.205.215.52]>
Aug  7 07:24:00 hetznew postfix/smtpd[29991]: lost connection after DATA from unknown[88.205.215.52]
Aug  7 07:24:00 hetznew postfix/smtpd[29991]: disconnect from unknown[88.205.215.52]
Aug  7 07:24:01 hetznew /USR/SBIN/CRON[30030]: (al) CMD (sh /home/al/www/custservice.adiscon.com/email/catchemails.sh >/dev/null 2>&1)
Aug  7 07:24:09 hetznew kernel: output: IN= OUT=eth0 SRC=85.10.198.18 DST=213.6.250.122 LEN=40 TOS=0x00 PREC=0x00 TTL=64 ID=0 DF PROTO=TCP SPT=80 DPT=37817 WINDOW=0 RES=0x00 RST URGP=0 
Aug  7 07:24:14 hetznew postfix/smtpd[29991]: connect from mailnj01.rightnowtech.com[63.240.89.35]
Aug  7 07:24:16 hetznew postfix/policy-spf[30035]: Attribute: ccert_fingerprint= 
Aug  7 07:24:16 hetznew postfix/policy-spf[30035]: Attribute: ccert_issuer= 
Aug  7 07:24:16 hetznew postfix/policy-spf[30035]: Attribute: ccert_subject= 
Aug  7 07:24:16 hetznew postfix/policy-spf[30035]: Attribute: client_address=63.240.89.35 
Aug  7 07:24:16 hetznew postfix/policy-spf[30035]: Attribute: client_name=mailnj01.rightnowtech.com 
Aug  7 07:24:16 hetznew postfix/policy-spf[30035]: Attribute: encryption_cipher=DHE-RSA-AES256-SHA 
Aug  7 07:24:16 hetznew postfix/policy-spf[30035]: Attribute: encryption_keysize=256 
Aug  7 07:24:16 hetznew postfix/policy-spf[30035]: Attribute: encryption_protocol=TLSv1 
Aug  7 07:24:16 hetznew postfix/policy-spf[30035]: Attribute: etrn_domain= 
Aug  7 07:24:16 hetznew postfix/policy-spf[30035]: Attribute: helo_name=mailnj01.rightnowtech.com 
Aug  7 07:24:16 hetznew postfix/policy-spf[30035]: Attribute: instance=7527.489a86ff.447a6.0 
Aug  7 07:24:16 hetznew postfix/policy-spf[30035]: Attribute: protocol_name=ESMTP 
Aug  7 07:24:16 hetznew postfix/policy-spf[30035]: Attribute: protocol_state=RCPT 
Aug  7 07:24:16 hetznew postfix/policy-spf[30035]: Attribute: queue_id= 
Aug  7 07:24:16 hetznew postfix/policy-spf[30035]: Attribute: recipient=reply@adiscon.com 
Aug  7 07:24:16 hetznew postfix/policy-spf[30035]: Attribute: recipient_count=0 
Aug  7 07:24:16 hetznew postfix/policy-spf[30035]: Attribute: request=smtpd_access_policy 
Aug  7 07:24:16 hetznew postfix/policy-spf[30035]: Attribute: reverse_client_name=mailnj01.rightnowtech.com 
Aug  7 07:24:16 hetznew postfix/policy-spf[30035]: Attribute: sasl_method= 
Aug  7 07:24:16 hetznew postfix/policy-spf[30035]: Attribute: sasl_sender= 
Aug  7 07:24:16 hetznew postfix/policy-spf[30035]: Attribute: sasl_username= 
Aug  7 07:24:16 hetznew postfix/policy-spf[30035]: Attribute: sender=support@handango.com 
Aug  7 07:24:16 hetznew postfix/policy-spf[30035]: Attribute: size=13759 
Aug  7 07:24:16 hetznew postfix/policy-spf[30035]: : testing: stripped sender=support@handango.com, stripped rcpt=reply@adiscon.com 
Aug  7 07:24:16 hetznew postfix/policy-spf[30035]: handler testing: DUNNO 
Aug  7 07:24:16 hetznew postfix/policy-spf[30035]: : SPF pass: smtp_comment=Please see http://www.openspf.org/why.html?sender=support%40handango.com&ip=63.240.89.35&receiver=hetznew.adiscon.com: 63.240.89.35 contains 63.240.89.35, header_comment=hetznew.adiscon.com: domain of support@handango.com designates 63.240.89.35 as permitted sender 
Aug  7 07:24:16 hetznew postfix/policy-spf[30035]: handler sender_permitted_from: DUNNO 
Aug  7 07:24:16 hetznew postfix/policy-spf[30035]: decided action=DUNNO 
Aug  7 07:24:17 hetznew postfix/smtpd[29991]: 0F2C07AC121: client=mailnj01.rightnowtech.com[63.240.89.35]
Aug  7 07:24:17 hetznew postfix/cleanup[30024]: 0F2C07AC121: message-id=<489A86E5.000528.26097@utilnj02.int.rightnowtech.com>
Aug  7 07:24:17 hetznew postfix/smtpd[29991]: disconnect from mailnj01.rightnowtech.com[63.240.89.35]
Aug  7 07:24:17 hetznew postfix/qmgr[29877]: 0F2C07AC121: from=<support@handango.com>, size=13970, nrcpt=1 (queue active)
Aug  7 07:24:17 hetznew postfix/smtpd[30027]: connect from localhost[127.0.0.1]
Aug  7 07:24:17 hetznew postfix/smtpd[30027]: 985247AED81: client=localhost[127.0.0.1]
Aug  7 07:24:17 hetznew postfix/cleanup[30024]: 985247AED81: message-id=<489A86E5.000528.26097@utilnj02.int.rightnowtech.com>
Aug  7 07:24:17 hetznew postfix/smtpd[30027]: disconnect from localhost[127.0.0.1]
Aug  7 07:24:17 hetznew amavis[29853]: (29853-04) Passed CLEAN, [63.240.89.35] <support@handango.com> -> <reply@adiscon.com>, Message-ID: <489A86E5.000528.26097@utilnj02.int.rightnowtech.com>, mail_id: OSCDzpBAoctg, Hits: -, queued_as: 985247AED81, 244 ms
Aug  7 07:24:17 hetznew postfix/smtp[30025]: 0F2C07AC121: to=<reply@adiscon.com>, relay=127.0.0.1[127.0.0.1]:10024, delay=2.5, delays=2.2/0/0/0.24, dsn=2.6.0, status=sent (250 2.6.0 Ok, id=29853-04, from MTA([127.0.0.1]:10025): 250 2.0.0 Ok: queued as 985247AED81)
Aug  7 07:24:17 hetznew postfix/qmgr[29877]: 985247AED81: from=<support@handango.com>, size=14355, nrcpt=1 (queue active)
Aug  7 07:24:17 hetznew postfix/qmgr[29877]: 0F2C07AC121: removed
Aug  7 07:24:19 hetznew postfix/smtp[30028]: 985247AED81: to=<reply@adiscon.com>, relay=fm.adiscon.com[80.135.189.174]:25, delay=1.6, delays=0.11/0/0.52/0.94, dsn=2.0.0, status=sent (250 Ok: queued as 6E72C3AE28B)
Aug  7 07:24:19 hetznew postfix/qmgr[29877]: 985247AED81: removed
Aug  7 07:24:31 hetznew postfix/smtpd[29991]: connect from unknown[88.205.215.52]
Aug  7 07:24:33 hetznew kernel: output: IN= OUT=eth0 SRC=85.10.198.18 DST=213.6.250.122 LEN=40 TOS=0x00 PREC=0x00 TTL=64 ID=0 DF PROTO=TCP SPT=80 DPT=37817 WINDOW=0 RES=0x00 RST URGP=0 
Aug  7 07:24:33 hetznew postfix/smtpd[29991]: NOQUEUE: reject: RCPT from unknown[88.205.215.52]: 554 5.7.1 Service unavailable; Client host [88.205.215.52] blocked using zen.spamhaus.org; http://www.spamhaus.org/query/bl?ip=88.205.215.52; from=<dwresistirm@resistir.info> to=<privacy@adiscon.com> proto=ESMTP helo=<[88.205.215.52]>
Aug  7 07:24:34 hetznew postfix/smtpd[29991]: lost connection after DATA from unknown[88.205.215.52]
Aug  7 07:24:34 hetznew postfix/smtpd[29991]: disconnect from unknown[88.205.215.52]
Aug  7 07:24:52 hetznew pdns[15240]: Not authoritative for 'www.spoho.de', sending servfail to 65.55.238.61
Aug  7 07:25:04 hetznew pdns[15240]: Not authoritative for 'spoho.de', sending servfail to 213.199.225.31
Aug  7 07:25:09 hetznew kernel: output: IN= OUT=eth0 SRC=85.10.198.18 DST=213.6.250.122 LEN=40 TOS=0x00 PREC=0x00 TTL=64 ID=0 DF PROTO=TCP SPT=80 DPT=37817 WINDOW=0 RES=0x00 RST URGP=0 
Aug  7 07:25:20 hetznew postfix/smtpd[29991]: warning: 60.182.167.32: hostname 32.167.182.60.broad.jh.zj.dynamic.163data.com.cn verification failed: Name or service not known
Aug  7 07:25:20 hetznew postfix/smtpd[29991]: connect from unknown[60.182.167.32]
Aug  7 07:25:22 hetznew postfix/smtpd[29991]: NOQUEUE: reject_warning: RCPT from unknown[60.182.167.32]: 450 4.7.1 <32.167.182.60.broad.jh.zj.dynamic.163data.com.cn>: Helo command rejected: Host not found; from=<rachid-kcenstlo@proactiva.es> to=<office-de@adiscon.com> proto=ESMTP helo=<32.167.182.60.broad.jh.zj.dynamic.163data.com.cn>
Aug  7 07:25:23 hetznew postfix/smtpd[29991]: NOQUEUE: reject: RCPT from unknown[60.182.167.32]: 554 5.7.1 Service unavailable; Client host [60.182.167.32] blocked using zen.spamhaus.org; http://www.spamhaus.org/query/bl?ip=60.182.167.32; from=<rachid-kcenstlo@proactiva.es> to=<office-de@adiscon.com> proto=ESMTP helo=<32.167.182.60.broad.jh.zj.dynamic.163data.com.cn>
Aug  7 07:25:23 hetznew postfix/smtpd[29991]: disconnect from unknown[60.182.167.32]
Aug  7 07:25:24 hetznew postfix/smtpd[29991]: connect from athedsl-401319.home.otenet.gr[79.131.119.165]
Aug  7 07:25:25 hetznew postfix/smtpd[30038]: connect from unknown[77.242.103.82]
Aug  7 07:25:26 hetznew postfix/smtpd[29991]: NOQUEUE: reject: RCPT from athedsl-401319.home.otenet.gr[79.131.119.165]: 554 5.7.1 Service unavailable; Client host [79.131.119.165] blocked using zen.spamhaus.org; http://www.spamhaus.org/query/bl?ip=79.131.119.165; from=<coquettedtfd6@dui-lawyer-florida.com> to=<info@smartkidswuerzburg.de> proto=ESMTP helo=<athedsl-401319.home.otenet.gr>
Aug  7 07:25:27 hetznew postfix/smtpd[30038]: NOQUEUE: reject_warning: RCPT from unknown[77.242.103.82]: 450 4.7.1 <delta01.reso.local>: Helo command rejected: Host not found; from=<tfeld8joel@icqmail.com> to=<hraja@adiscon.com> proto=ESMTP helo=<delta01.reso.local>
Aug  7 07:25:27 hetznew postfix/smtpd[29991]: lost connection after DATA from athedsl-401319.home.otenet.gr[79.131.119.165]
Aug  7 07:25:27 hetznew postfix/smtpd[29991]: disconnect from athedsl-401319.home.otenet.gr[79.131.119.165]
Aug  7 07:25:27 hetznew postfix/smtpd[30038]: NOQUEUE: reject: RCPT from unknown[77.242.103.82]: 554 5.7.1 Service unavailable; Client host [77.242.103.82] blocked using zen.spamhaus.org; http://www.spamhaus.org/query/bl?ip=77.242.103.82; from=<tfeld8joel@icqmail.com> to=<hraja@adiscon.com> proto=ESMTP helo=<delta01.reso.local>
Aug  7 07:25:27 hetznew postfix/smtpd[30038]: lost connection after DATA from unknown[77.242.103.82]
Aug  7 07:25:27 hetznew postfix/smtpd[30038]: disconnect from unknown[77.242.103.82]
Aug  7 07:25:57 hetznew kernel: output: IN= OUT=eth0 SRC=85.10.198.18 DST=213.6.250.122 LEN=40 TOS=0x00 PREC=0x00 TTL=64 ID=0 DF PROTO=TCP SPT=80 DPT=37817 WINDOW=0 RES=0x00 RST URGP=0 
Aug  7 07:26:01 hetznew /USR/SBIN/CRON[30041]: (al) CMD (sh /home/al/www/custservice.adiscon.com/email/catchemails.sh >/dev/null 2>&1)
Aug  7 07:26:06 hetznew postfix/pickup[29149]: 393A27AED81: uid=1000 from=<al>
Aug  7 07:26:06 hetznew postfix/cleanup[30047]: 393A27AED81: message-id=<20080807052606.393A27AED81@mailin.adiscon.com>
Aug  7 07:26:06 hetznew postfix/qmgr[29877]: 393A27AED81: from=<al@adiscon.com>, size=1102, nrcpt=2 (queue active)
Aug  7 07:26:06 hetznew postfix/smtpd[30050]: connect from localhost[127.0.0.1]
Aug  7 07:26:06 hetznew postfix/smtpd[30050]: 5F5927AC121: client=localhost[127.0.0.1]
Aug  7 07:26:06 hetznew postfix/cleanup[30047]: 5F5927AC121: message-id=<20080807052606.393A27AED81@mailin.adiscon.com>
Aug  7 07:26:06 hetznew postfix/smtpd[30050]: disconnect from localhost[127.0.0.1]
Aug  7 07:26:06 hetznew amavis[29833]: (29833-05) Passed CLEAN, <al@adiscon.com> -> <support@handango.com>,<mmeckelein@hq.adiscon.com>, Message-ID: <20080807052606.393A27AED81@mailin.adiscon.com>, mail_id: UEqza+2venww, Hits: -, queued_as: 5F5927AC121, 242 ms
Aug  7 07:26:06 hetznew postfix/smtp[30048]: 393A27AED81: to=<support@handango.com>, relay=127.0.0.1[127.0.0.1]:10024, delay=0.39, delays=0.14/0.01/0/0.24, dsn=2.6.0, status=sent (250 2.6.0 Ok, id=29833-05, from MTA([127.0.0.1]:10025): 250 2.0.0 Ok: queued as 5F5927AC121)
Aug  7 07:26:06 hetznew postfix/smtp[30048]: 393A27AED81: to=<mmeckelein@hq.adiscon.com>, relay=127.0.0.1[127.0.0.1]:10024, delay=0.39, delays=0.14/0.01/0/0.24, dsn=2.6.0, status=sent (250 2.6.0 Ok, id=29833-05, from MTA([127.0.0.1]:10025): 250 2.0.0 Ok: queued as 5F5927AC121)
Aug  7 07:26:06 hetznew postfix/qmgr[29877]: 5F5927AC121: from=<al@adiscon.com>, size=1436, nrcpt=2 (queue active)
Aug  7 07:26:06 hetznew postfix/qmgr[29877]: 393A27AED81: removed
Aug  7 07:26:06 hetznew postfix/smtp[30051]: 5F5927AC121: to=<mmeckelein@hq.adiscon.com>, relay=mail.hq.adiscon.com[80.152.154.124]:25, delay=0.52, delays=0.16/0.01/0.22/0.12, dsn=2.0.0, status=sent (250 Ok: queued as BD79C9C00B)
Aug  7 07:26:08 hetznew postfix/smtpd[29991]: connect from athedsl-401319.home.otenet.gr[79.131.119.165]
Aug  7 07:26:10 hetznew postfix/smtpd[29991]: NOQUEUE: reject: RCPT from athedsl-401319.home.otenet.gr[79.131.119.165]: 554 5.7.1 Service unavailable; Client host [79.131.119.165] blocked using zen.spamhaus.org; http://www.spamhaus.org/query/bl?ip=79.131.119.165; from=<displacec53@nyhabitat-sublet.com> to=<info@smartkidswuerzburg.de> proto=ESMTP helo=<athedsl-401319.home.otenet.gr>
Aug  7 07:26:10 hetznew postfix/smtpd[29991]: lost connection after DATA from athedsl-401319.home.otenet.gr[79.131.119.165]
Aug  7 07:26:10 hetznew postfix/smtpd[29991]: disconnect from athedsl-401319.home.otenet.gr[79.131.119.165]
Aug  7 07:26:11 hetznew postfix/smtp[30052]: 5F5927AC121: to=<support@handango.com>, relay=mail.handango.com[12.106.220.3]:25, delay=4.8, delays=0.16/0.01/1.3/3.3, dsn=2.0.0, status=sent (250 Ok: queued as F0F2F1C85E5)
Aug  7 07:26:11 hetznew postfix/qmgr[29877]: 5F5927AC121: removed
Aug  7 07:26:16 hetznew postfix/smtpd[30038]: connect from p5087BDAE.dip.t-dialin.net[80.135.189.174]
Aug  7 07:26:17 hetznew postfix/smtpd[30038]: F2C557AC121: client=p5087BDAE.dip.t-dialin.net[80.135.189.174], sasl_method=LOGIN, sasl_username=adiscontest@mailin.adiscon.com
Aug  7 07:26:17 hetznew postfix/cleanup[30047]: F2C557AC121: message-id=<1218094042.361349.2323-root@172.16.0.222>
Aug  7 07:26:42 hetznew postfix/qmgr[29877]: F2C557AC121: from=<alorbach@ro1.adiscon.com>, size=1235126, nrcpt=1 (queue active)
Aug  7 07:26:42 hetznew postfix/smtpd[30038]: disconnect from p5087BDAE.dip.t-dialin.net[80.135.189.174]
Aug  7 07:26:43 hetznew postfix/smtpd[30050]: connect from localhost[127.0.0.1]
Aug  7 07:26:43 hetznew postfix/smtpd[30050]: 0D61A7AED81: client=localhost[127.0.0.1]
Aug  7 07:26:43 hetznew postfix/cleanup[30047]: 0D61A7AED81: message-id=<1218094042.361349.2323-root@172.16.0.222>
Aug  7 07:26:43 hetznew postfix/smtpd[30050]: disconnect from localhost[127.0.0.1]
Aug  7 07:26:43 hetznew amavis[29853]: (29853-05) Passed CLEAN, [80.135.189.174] <alorbach@ro1.adiscon.com> -> <rgerhards@gmail.com>, Message-ID: <1218094042.361349.2323-root@172.16.0.222>, mail_id: yX70dpGjcBeN, Hits: -, queued_as: 0D61A7AED81, 460 ms
Aug  7 07:26:43 hetznew postfix/smtp[30048]: F2C557AC121: to=<rgerhards@gmail.com>, relay=127.0.0.1[127.0.0.1]:10024, delay=26, delays=26/0/0/0.46, dsn=2.6.0, status=sent (250 2.6.0 Ok, id=29853-05, from MTA([127.0.0.1]:10025): 250 2.0.0 Ok: queued as 0D61A7AED81)
Aug  7 07:26:43 hetznew postfix/qmgr[29877]: 0D61A7AED81: from=<alorbach@ro1.adiscon.com>, size=1235515, nrcpt=1 (queue active)
Aug  7 07:26:43 hetznew postfix/qmgr[29877]: F2C557AC121: removed
Aug  7 07:26:44 hetznew postfix/smtp[30051]: 0D61A7AED81: to=<rgerhards@gmail.com>, relay=gmail-smtp-in.l.google.com[209.85.135.27]:25, delay=1.9, delays=0.2/0/0.05/1.7, dsn=2.0.0, status=sent (250 2.0.0 OK 1218086876 y2si3199434mug.1)
Aug  7 07:26:44 hetznew postfix/qmgr[29877]: 0D61A7AED81: removed
Aug  7 07:26:47 hetznew pdns[15240]: Not authoritative for 'spoho.de', sending servfail to 216.67.231.247
Aug  7 07:27:01 hetznew kernel: output: IN= OUT=eth0 SRC=85.10.198.18 DST=213.6.250.122 LEN=40 TOS=0x00 PREC=0x00 TTL=64 ID=0 DF PROTO=TCP SPT=80 DPT=37817 WINDOW=0 RES=0x00 RST URGP=0 
Aug  7 07:27:10 hetznew kernel: input: IN=eth0 OUT= MAC=00:e0:4d:88:92:fe:00:02:85:04:40:80:08:00 SRC=58.215.93.14 DST=85.10.198.18 LEN=40 TOS=0x00 PREC=0x00 TTL=108 ID=256 PROTO=TCP SPT=6000 DPT=2967 WINDOW=16384 RES=0x00 SYN URGP=0 
Aug  7 07:27:20 hetznew postfix/smtpd[29991]: connect from utilnj01.rightnowtech.com[63.240.89.31]
Aug  7 07:27:22 hetznew postfix/policy-spf[30035]: Attribute: ccert_fingerprint= 
Aug  7 07:27:22 hetznew postfix/policy-spf[30035]: Attribute: ccert_issuer= 
Aug  7 07:27:22 hetznew postfix/policy-spf[30035]: Attribute: ccert_subject= 
Aug  7 07:27:22 hetznew postfix/policy-spf[30035]: Attribute: client_address=63.240.89.31 
Aug  7 07:27:22 hetznew postfix/policy-spf[30035]: Attribute: client_name=utilnj01.rightnowtech.com 
Aug  7 07:27:22 hetznew postfix/policy-spf[30035]: Attribute: encryption_cipher=ADH-AES256-SHA 
Aug  7 07:27:22 hetznew postfix/policy-spf[30035]: Attribute: encryption_keysize=256 
Aug  7 07:27:22 hetznew postfix/policy-spf[30035]: Attribute: encryption_protocol=TLSv1 
Aug  7 07:27:22 hetznew postfix/policy-spf[30035]: Attribute: etrn_domain= 
Aug  7 07:27:22 hetznew postfix/policy-spf[30035]: Attribute: helo_name=utilnj01.rightnowtech.com 
Aug  7 07:27:22 hetznew postfix/policy-spf[30035]: Attribute: instance=7527.489a87b9.19d59.0 
Aug  7 07:27:22 hetznew postfix/policy-spf[30035]: Attribute: protocol_name=ESMTP 
Aug  7 07:27:22 hetznew postfix/policy-spf[30035]: Attribute: protocol_state=RCPT 
Aug  7 07:27:22 hetznew postfix/policy-spf[30035]: Attribute: queue_id= 
Aug  7 07:27:22 hetznew postfix/policy-spf[30035]: Attribute: recipient=reply@adiscon.com 
Aug  7 07:27:22 hetznew postfix/policy-spf[30035]: Attribute: recipient_count=0 
Aug  7 07:27:22 hetznew postfix/policy-spf[30035]: Attribute: request=smtpd_access_policy 
Aug  7 07:27:22 hetznew postfix/policy-spf[30035]: Attribute: reverse_client_name=utilnj01.rightnowtech.com 
Aug  7 07:27:22 hetznew postfix/policy-spf[30035]: Attribute: sasl_method= 
Aug  7 07:27:22 hetznew postfix/policy-spf[30035]: Attribute: sasl_sender= 
Aug  7 07:27:22 hetznew postfix/policy-spf[30035]: Attribute: sasl_username= 
Aug  7 07:27:22 hetznew postfix/policy-spf[30035]: Attribute: sender=support@handango.com 
Aug  7 07:27:22 hetznew postfix/policy-spf[30035]: Attribute: size=8125 
Aug  7 07:27:22 hetznew postfix/policy-spf[30035]: : testing: stripped sender=support@handango.com, stripped rcpt=reply@adiscon.com 
Aug  7 07:27:22 hetznew postfix/policy-spf[30035]: handler testing: DUNNO 
Aug  7 07:27:23 hetznew postfix/policy-spf[30035]: : SPF pass: smtp_comment=Please see http://www.openspf.org/why.html?sender=support%40handango.com&ip=63.240.89.31&receiver=hetznew.adiscon.com: 63.240.89.31 contains 63.240.89.31, header_comment=hetznew.adiscon.com: domain of support@handango.com designates 63.240.89.31 as permitted sender 
Aug  7 07:27:23 hetznew postfix/policy-spf[30035]: handler sender_permitted_from: DUNNO 
Aug  7 07:27:23 hetznew postfix/policy-spf[30035]: decided action=DUNNO 
Aug  7 07:27:23 hetznew postfix/smtpd[29991]: 429AD7AC121: client=utilnj01.rightnowtech.com[63.240.89.31]
Aug  7 07:27:23 hetznew postfix/cleanup[30047]: 429AD7AC121: message-id=<489A87FF.000004.28724@utilnj01.int.rightnowtech.com>
Aug  7 07:27:23 hetznew postfix/smtpd[29991]: disconnect from utilnj01.rightnowtech.com[63.240.89.31]
