Aug  7 06:45:26 hetznew syslogd 1.4.1#18: restart.
Aug  7 06:45:28 hetznew postfix/smtpd[29310]: warning: 79.164.152.22: hostname host-79-164-152-22.qwerty.ru verification failed: Name or service not known
Aug  7 06:45:28 hetznew postfix/smtpd[29310]: connect from unknown[79.164.152.22]
Aug  7 06:45:30 hetznew postfix/smtpd[29310]: NOQUEUE: reject_warning: RCPT from unknown[79.164.152.22]: 450 4.7.1 <host-79-164-152-22.qwerty.ru>: Helo command rejected: Host not found; from=<rmeu@bnrinc.com> to=<erftstadtticker@adiscon.com> proto=ESMTP helo=<host-79-164-152-22.qwerty.ru>
Aug  7 06:45:30 hetznew postfix/smtpd[29310]: NOQUEUE: reject: RCPT from unknown[79.164.152.22]: 554 5.7.1 <erftstadtticker@adiscon.com>: Recipient address rejected: No spam please; from=<rmeu@bnrinc.com> to=<erftstadtticker@adiscon.com> proto=ESMTP helo=<host-79-164-152-22.qwerty.ru>
Aug  7 06:45:31 hetznew postfix/smtpd[29310]: lost connection after DATA from unknown[79.164.152.22]
Aug  7 06:45:31 hetznew postfix/smtpd[29310]: disconnect from unknown[79.164.152.22]
Aug  7 06:45:52 hetznew kernel: output: IN= OUT=eth0 SRC=85.10.198.18 DST=216.51.166.215 LEN=40 TOS=0x00 PREC=0x00 TTL=64 ID=0 DF PROTO=TCP SPT=80 DPT=60387 WINDOW=0 RES=0x00 RST URGP=0 
Aug  7 06:45:57 hetznew kernel: output: IN= OUT=eth0 SRC=78.47.87.193 DST=121.35.178.159 LEN=40 TOS=0x00 PREC=0x00 TTL=64 ID=730 DF PROTO=TCP SPT=25 DPT=1352 WINDOW=5840 RES=0x00 ACK FIN URGP=0 
Aug  7 06:46:01 hetznew /USR/SBIN/CRON[29660]: (al) CMD (sh /home/al/www/custservice.adiscon.com/email/catchemails.sh >/dev/null 2>&1)
Aug  7 06:46:05 hetznew pdns[15240]: 1 slave domain needs checking
Aug  7 06:46:05 hetznew pdns[15240]: Domain ultrastats.org is fresh
Aug  7 06:46:27 hetznew postfix/smtpd[29310]: warning: 79.164.152.22: hostname host-79-164-152-22.qwerty.ru verification failed: Name or service not known
Aug  7 06:46:27 hetznew postfix/smtpd[29310]: connect from unknown[79.164.152.22]
Aug  7 06:46:29 hetznew postfix/smtpd[29310]: NOQUEUE: reject_warning: RCPT from unknown[79.164.152.22]: 450 4.7.1 <host-79-164-152-22.qwerty.ru>: Helo command rejected: Host not found; from=<ghwjbotsecg@brandbox.com> to=<erftstadtticker@adiscon.com> proto=ESMTP helo=<host-79-164-152-22.qwerty.ru>
Aug  7 06:46:29 hetznew postfix/smtpd[29310]: NOQUEUE: reject: RCPT from unknown[79.164.152.22]: 554 5.7.1 <erftstadtticker@adiscon.com>: Recipient address rejected: No spam please; from=<ghwjbotsecg@brandbox.com> to=<erftstadtticker@adiscon.com> proto=ESMTP helo=<host-79-164-152-22.qwerty.ru>
Aug  7 06:46:30 hetznew postfix/smtpd[29310]: lost connection after DATA from unknown[79.164.152.22]
Aug  7 06:46:30 hetznew postfix/smtpd[29310]: disconnect from unknown[79.164.152.22]
Aug  7 06:46:55 hetznew kernel: output: IN= OUT=eth0 SRC=85.10.198.18 DST=216.51.166.215 LEN=40 TOS=0x00 PREC=0x00 TTL=64 ID=0 DF PROTO=TCP SPT=80 DPT=60387 WINDOW=0 RES=0x00 RST URGP=0 
Aug  7 06:47:05 hetznew pdns[15240]: All slave domains are fresh
Aug  7 06:47:09 hetznew pdns[15240]: Not authoritative for 'spoho.de', sending servfail to 192.92.138.35
Aug  7 06:47:59 hetznew kernel: output: IN= OUT=eth0 SRC=85.10.198.18 DST=216.51.166.215 LEN=40 TOS=0x00 PREC=0x00 TTL=64 ID=0 DF PROTO=TCP SPT=80 DPT=60387 WINDOW=0 RES=0x00 RST URGP=0 
Aug  7 06:48:01 hetznew /USR/SBIN/CRON[29679]: (al) CMD (sh /home/al/www/custservice.adiscon.com/email/catchemails.sh >/dev/null 2>&1)
Aug  7 06:48:04 hetznew postfix/smtpd[29310]: connect from 55.208.broadband10.iol.cz[90.177.208.55]
Aug  7 06:48:07 hetznew postfix/smtpd[29310]: NOQUEUE: reject: RCPT from 55.208.broadband10.iol.cz[90.177.208.55]: 554 5.7.1 Service unavailable; Client host [90.177.208.55] blocked using zen.spamhaus.org; http://www.spamhaus.org/query/bl?ip=90.177.208.55; from=<crampsexp@wal-elec.com> to=<info@adiscon.de> proto=ESMTP helo=<55.208.broadband10.iol.cz>
Aug  7 06:48:07 hetznew postfix/smtpd[29310]: lost connection after DATA from 55.208.broadband10.iol.cz[90.177.208.55]
Aug  7 06:48:07 hetznew postfix/smtpd[29310]: disconnect from 55.208.broadband10.iol.cz[90.177.208.55]
Aug  7 06:49:03 hetznew kernel: output: IN= OUT=eth0 SRC=85.10.198.18 DST=216.51.166.215 LEN=40 TOS=0x00 PREC=0x00 TTL=64 ID=0 DF PROTO=TCP SPT=80 DPT=60387 WINDOW=0 RES=0x00 RST URGP=0 
Aug  7 06:49:11 hetznew kernel: output: IN= OUT=eth0 SRC=85.10.198.18 DST=74.6.22.108 LEN=40 TOS=0x00 PREC=0x00 TTL=64 ID=0 DF PROTO=TCP SPT=80 DPT=45261 WINDOW=0 RES=0x00 RST URGP=0 
Aug  7 06:49:32 hetznew postfix/anvil[29312]: statistics: max connection rate 2/60s for (smtp:77.41.56.100) at Aug  7 06:43:48
Aug  7 06:49:32 hetznew postfix/anvil[29312]: statistics: max connection count 1 for (smtp:203.101.80.134) at Aug  7 06:39:32
Aug  7 06:49:32 hetznew postfix/anvil[29312]: statistics: max cache size 2 at Aug  7 06:41:08
Aug  7 06:50:02 hetznew /USR/SBIN/CRON[29691]: (al) CMD (sh /home/al/www/custservice.adiscon.com/email/catchemails.sh >/dev/null 2>&1)
Aug  7 06:50:32 hetznew postfix/smtpd[29696]: connect from s15216452.onlinehome-server.info[87.106.22.190]
Aug  7 06:50:33 hetznew postfix/smtpd[29696]: 1BFEF7AC121: client=s15216452.onlinehome-server.info[87.106.22.190]
Aug  7 06:50:33 hetznew postfix/cleanup[29699]: 1BFEF7AC121: message-id=<S15216452fW82QUKjAV00000001@s164664205.online.de>
Aug  7 06:50:33 hetznew postfix/smtpd[29696]: disconnect from s15216452.onlinehome-server.info[87.106.22.190]
Aug  7 06:50:33 hetznew postfix/qmgr[29877]: 1BFEF7AC121: from=<PURETEC-NEW@adiscon.com>, size=4600, nrcpt=1 (queue active)
Aug  7 06:50:33 hetznew postfix/smtpd[29702]: connect from localhost[127.0.0.1]
Aug  7 06:50:33 hetznew postfix/smtpd[29702]: CAAFC7AED81: client=localhost[127.0.0.1]
Aug  7 06:50:33 hetznew postfix/cleanup[29699]: CAAFC7AED81: message-id=<S15216452fW82QUKjAV00000001@s164664205.online.de>
Aug  7 06:50:34 hetznew postfix/smtpd[29702]: disconnect from localhost[127.0.0.1]
Aug  7 06:50:34 hetznew amavis[28337]: (28337-07) Passed CLEAN, [87.106.22.190] <PURETEC-NEW@adiscon.com> -> <InternetAdmins@adiscon.com>, Message-ID: <S15216452fW82QUKjAV00000001@s164664205.online.de>, mail_id: 5V+0G5HHq2Zz, Hits: -, queued_as: CAAFC7AED81, 518 ms
Aug  7 06:50:34 hetznew postfix/smtp[29700]: 1BFEF7AC121: to=<InternetAdmins@adiscon.com>, relay=127.0.0.1[127.0.0.1]:10024, delay=1.1, delays=0.53/0.02/0/0.53, dsn=2.6.0, status=sent (250 2.6.0 Ok, id=28337-07, from MTA([127.0.0.1]:10025): 250 2.0.0 Ok: queued as CAAFC7AED81)
Aug  7 06:50:34 hetznew postfix/qmgr[29877]: CAAFC7AED81: from=<PURETEC-NEW@adiscon.com>, size=5003, nrcpt=1 (queue active)
Aug  7 06:50:34 hetznew postfix/qmgr[29877]: 1BFEF7AC121: removed
Aug  7 06:50:34 hetznew postfix/smtp[29703]: CAAFC7AED81: to=<InternetAdmins@adiscon.com>, relay=fm.adiscon.com[80.135.189.174]:25, delay=0.71, delays=0.26/0.01/0.19/0.24, dsn=2.0.0, status=sent (250 Ok: queued as 1F4933AE28B)
Aug  7 06:50:34 hetznew postfix/qmgr[29877]: CAAFC7AED81: removed
Aug  7 06:50:45 hetznew postfix/smtpd[29696]: connect from unknown[190.42.36.43]
Aug  7 06:50:48 hetznew postfix/smtpd[29696]: NOQUEUE: reject: RCPT from unknown[190.42.36.43]: 554 5.7.1 Service unavailable; Client host [190.42.36.43] blocked using zen.spamhaus.org; http://www.spamhaus.org/query/bl?ip=190.42.36.43; from=<populistsdf4@macmu.com> to=<bux@adiscon.com> proto=ESMTP helo=<[190.42.36.43]>
Aug  7 06:50:48 hetznew postfix/smtpd[29696]: lost connection after DATA from unknown[190.42.36.43]
Aug  7 06:50:48 hetznew postfix/smtpd[29696]: disconnect from unknown[190.42.36.43]
Aug  7 06:51:36 hetznew kernel: output: IN= OUT=eth0 SRC=85.10.198.18 DST=210.150.10.41 LEN=40 TOS=0x00 PREC=0x00 TTL=64 ID=0 DF PROTO=TCP SPT=80 DPT=41589 WINDOW=0 RES=0x00 RST URGP=0 
Aug  7 06:51:49 hetznew last message repeated 4 times
Aug  7 06:52:01 hetznew /USR/SBIN/CRON[29716]: (al) CMD (sh /home/al/www/custservice.adiscon.com/email/catchemails.sh >/dev/null 2>&1)
Aug  7 06:52:04 hetznew kernel: output: IN= OUT=eth0 SRC=85.10.198.18 DST=210.150.10.41 LEN=40 TOS=0x00 PREC=0x00 TTL=64 ID=0 DF PROTO=TCP SPT=80 DPT=41589 WINDOW=0 RES=0x00 RST URGP=0 
Aug  7 06:52:05 hetznew pdns[15240]: 1 slave domain needs checking
Aug  7 06:52:05 hetznew pdns[15240]: Domain rsyslog.com is fresh
Aug  7 06:52:38 hetznew kernel: output: IN= OUT=eth0 SRC=85.10.198.18 DST=210.150.10.41 LEN=40 TOS=0x00 PREC=0x00 TTL=64 ID=0 DF PROTO=TCP SPT=80 DPT=41589 WINDOW=0 RES=0x00 RST URGP=0 
Aug  7 06:52:44 hetznew postfix/smtpd[29720]: warning: 61.246.6.163: hostname dsl-UPwest-static-163.6.246.61.airtelbroadband.in verification failed: Name or service not known
Aug  7 06:52:44 hetznew postfix/smtpd[29720]: connect from unknown[61.246.6.163]
Aug  7 06:53:05 hetznew pdns[15240]: All slave domains are fresh
Aug  7 06:53:45 hetznew postfix/smtpd[29720]: lost connection after CONNECT from unknown[61.246.6.163]
Aug  7 06:53:45 hetznew postfix/smtpd[29720]: disconnect from unknown[61.246.6.163]
Aug  7 06:53:46 hetznew kernel: output: IN= OUT=eth0 SRC=85.10.198.18 DST=210.150.10.41 LEN=40 TOS=0x00 PREC=0x00 TTL=64 ID=0 DF PROTO=TCP SPT=80 DPT=41589 WINDOW=0 RES=0x00 RST URGP=0 
Aug  7 06:54:00 hetznew pdns[15240]: Not authoritative for 'spoho.de', sending servfail to 194.74.65.68
Aug  7 06:54:02 hetznew /USR/SBIN/CRON[29724]: (al) CMD (sh /home/al/www/custservice.adiscon.com/email/catchemails.sh >/dev/null 2>&1)
Aug  7 06:54:24 hetznew pdns[15240]: Not authoritative for 'spoho.de', sending servfail to 149.156.4.11
Aug  7 06:54:45 hetznew postfix/smtpd[29720]: warning: 216.201.21.133: address not listed for hostname mail.littercorp.com
Aug  7 06:54:45 hetznew postfix/smtpd[29720]: connect from unknown[216.201.21.133]
Aug  7 06:54:45 hetznew postfix/smtpd[29720]: NOQUEUE: reject_warning: RCPT from unknown[216.201.21.133]: 450 4.7.1 <sv14.lci.loc>: Helo command rejected: Host not found; from=<jill-shirley@yahoo.com.tw> to=<rgerhards@adiscon.com> proto=ESMTP helo=<sv14.lci.loc>
Aug  7 06:54:46 hetznew postfix/policy-spf[29736]: Attribute: ccert_fingerprint= 
Aug  7 06:54:46 hetznew postfix/policy-spf[29736]: Attribute: ccert_issuer= 
Aug  7 06:54:46 hetznew postfix/policy-spf[29736]: Attribute: ccert_subject= 
Aug  7 06:54:46 hetznew postfix/policy-spf[29736]: Attribute: client_address=216.201.21.133 
Aug  7 06:54:46 hetznew postfix/policy-spf[29736]: Attribute: client_name=unknown 
Aug  7 06:54:46 hetznew postfix/policy-spf[29736]: Attribute: encryption_cipher= 
Aug  7 06:54:46 hetznew postfix/policy-spf[29736]: Attribute: encryption_keysize=0 
Aug  7 06:54:46 hetznew postfix/policy-spf[29736]: Attribute: encryption_protocol= 
Aug  7 06:54:46 hetznew postfix/policy-spf[29736]: Attribute: etrn_domain= 
Aug  7 06:54:46 hetznew postfix/policy-spf[29736]: Attribute: helo_name=sv14.lci.loc 
Aug  7 06:54:46 hetznew postfix/policy-spf[29736]: Attribute: instance=7418.489a8015.7f007.0 
Aug  7 06:54:46 hetznew postfix/policy-spf[29736]: Attribute: protocol_name=ESMTP 
Aug  7 06:54:46 hetznew postfix/policy-spf[29736]: Attribute: protocol_state=RCPT 
Aug  7 06:54:46 hetznew postfix/policy-spf[29736]: Attribute: queue_id= 
Aug  7 06:54:46 hetznew postfix/policy-spf[29736]: Attribute: recipient=rgerhards@adiscon.com 
Aug  7 06:54:46 hetznew postfix/policy-spf[29736]: Attribute: recipient_count=0 
Aug  7 06:54:46 hetznew postfix/policy-spf[29736]: Attribute: request=smtpd_access_policy 
Aug  7 06:54:46 hetznew postfix/policy-spf[29736]: Attribute: reverse_client_name=mail.littercorp.com 
Aug  7 06:54:46 hetznew postfix/policy-spf[29736]: Attribute: sasl_method= 
Aug  7 06:54:46 hetznew postfix/policy-spf[29736]: Attribute: sasl_sender= 
Aug  7 06:54:46 hetznew postfix/policy-spf[29736]: Attribute: sasl_username= 
Aug  7 06:54:46 hetznew postfix/policy-spf[29736]: Attribute: sender=jill-shirley@yahoo.com.tw 
Aug  7 06:54:46 hetznew postfix/policy-spf[29736]: Attribute: size=3600 
Aug  7 06:54:46 hetznew postfix/policy-spf[29736]: : testing: stripped sender=jill@yahoo.com.tw, stripped rcpt=rgerhards@adiscon.com 
Aug  7 06:54:46 hetznew postfix/policy-spf[29736]: handler testing: DUNNO 
Aug  7 06:54:46 hetznew postfix/policy-spf[29736]: : SPF none: smtp_comment=SPF: domain of sender jill-shirley@yahoo.com.tw does not designate mailers, header_comment=hetznew.adiscon.com: domain of jill-shirley@yahoo.com.tw does not designate permitted sender hosts 
Aug  7 06:54:46 hetznew postfix/policy-spf[29736]: handler sender_permitted_from: DUNNO 
Aug  7 06:54:46 hetznew postfix/policy-spf[29736]: decided action=DUNNO 
Aug  7 06:54:46 hetznew postgrey[2478]: cleaning up old logs... 
Aug  7 06:54:46 hetznew postfix/smtpd[29720]: NOQUEUE: reject: RCPT from unknown[216.201.21.133]: 450 4.7.1 <rgerhards@adiscon.com>: Recipient address rejected: Greylisted, see http://isg.ee.ethz.ch/tools/postgrey/help/adiscon.com.html; from=<jill-shirley@yahoo.com.tw> to=<rgerhards@adiscon.com> proto=ESMTP helo=<sv14.lci.loc>
Aug  7 06:54:47 hetznew postfix/smtpd[29720]: lost connection after RSET from unknown[216.201.21.133]
Aug  7 06:54:47 hetznew postfix/smtpd[29720]: disconnect from unknown[216.201.21.133]
Aug  7 06:55:44 hetznew postfix/smtpd[29720]: warning: 58.181.55.131: hostname 58-181-55-131.nexg.net verification failed: Name or service not known
Aug  7 06:55:44 hetznew postfix/smtpd[29720]: connect from unknown[58.181.55.131]
Aug  7 06:55:44 hetznew postfix/smtpd[29720]: NOQUEUE: reject_warning: RCPT from unknown[58.181.55.131]: 450 4.7.1 <58-181-55-131.nexg.net>: Helo command rejected: Host not found; from=<publicdomain@diaryland.com> to=<hraja@adiscon.com> proto=ESMTP helo=<58-181-55-131.nexg.net>
Aug  7 06:55:45 hetznew postfix/smtpd[29720]: NOQUEUE: reject: RCPT from unknown[58.181.55.131]: 554 5.7.1 Service unavailable; Client host [58.181.55.131] blocked using zen.spamhaus.org; http://www.spamhaus.org/query/bl?ip=58.181.55.131; from=<publicdomain@diaryland.com> to=<hraja@adiscon.com> proto=ESMTP helo=<58-181-55-131.nexg.net>
Aug  7 06:55:45 hetznew postfix/smtpd[29720]: lost connection after DATA from unknown[58.181.55.131]
Aug  7 06:55:45 hetznew postfix/smtpd[29720]: disconnect from unknown[58.181.55.131]
Aug  7 06:55:57 hetznew kernel: output: IN= OUT=eth0 SRC=85.10.198.18 DST=210.150.10.41 LEN=40 TOS=0x00 PREC=0x00 TTL=64 ID=0 DF PROTO=TCP SPT=80 DPT=41589 WINDOW=0 RES=0x00 RST URGP=0 
Aug  7 06:56:01 hetznew /USR/SBIN/CRON[29739]: (al) CMD (sh /home/al/www/custservice.adiscon.com/email/catchemails.sh >/dev/null 2>&1)
Aug  7 06:56:08 hetznew pdns[15240]: Not authoritative for 'spoho.de', sending servfail to 63.247.87.170
Aug  7 06:56:11 hetznew pdns[15240]: Not authoritative for 'www.spoho.de', sending servfail to 85.10.200.249
Aug  7 06:56:18 hetznew postfix/smtpd[29720]: warning: 216.201.21.133: address not listed for hostname mail.littercorp.com
Aug  7 06:56:18 hetznew postfix/smtpd[29720]: connect from unknown[216.201.21.133]
Aug  7 06:56:18 hetznew postfix/smtpd[29720]: NOQUEUE: reject_warning: RCPT from unknown[216.201.21.133]: 450 4.7.1 <sv14.lci.loc>: Helo command rejected: Host not found; from=<jill-shirley@yahoo.com.tw> to=<rgerhards@adiscon.com> proto=ESMTP helo=<sv14.lci.loc>
Aug  7 06:56:18 hetznew postfix/policy-spf[29736]: Attribute: ccert_fingerprint= 
Aug  7 06:56:18 hetznew postfix/policy-spf[29736]: Attribute: ccert_issuer= 
Aug  7 06:56:18 hetznew postfix/policy-spf[29736]: Attribute: ccert_subject= 
Aug  7 06:56:18 hetznew postfix/policy-spf[29736]: Attribute: client_address=216.201.21.133 
Aug  7 06:56:18 hetznew postfix/policy-spf[29736]: Attribute: client_name=unknown 
Aug  7 06:56:18 hetznew postfix/policy-spf[29736]: Attribute: encryption_cipher= 
Aug  7 06:56:18 hetznew postfix/policy-spf[29736]: Attribute: encryption_keysize=0 
Aug  7 06:56:18 hetznew postfix/policy-spf[29736]: Attribute: encryption_protocol= 
Aug  7 06:56:18 hetznew postfix/policy-spf[29736]: Attribute: etrn_domain= 
Aug  7 06:56:18 hetznew postfix/policy-spf[29736]: Attribute: helo_name=sv14.lci.loc 
Aug  7 06:56:18 hetznew postfix/policy-spf[29736]: Attribute: instance=7418.489a8072.9e3f1.0 
Aug  7 06:56:18 hetznew postfix/policy-spf[29736]: Attribute: protocol_name=ESMTP 
Aug  7 06:56:18 hetznew postfix/policy-spf[29736]: Attribute: protocol_state=RCPT 
Aug  7 06:56:18 hetznew postfix/policy-spf[29736]: Attribute: queue_id= 
Aug  7 06:56:18 hetznew postfix/policy-spf[29736]: Attribute: recipient=rgerhards@adiscon.com 
Aug  7 06:56:18 hetznew postfix/policy-spf[29736]: Attribute: recipient_count=0 
Aug  7 06:56:18 hetznew postfix/policy-spf[29736]: Attribute: request=smtpd_access_policy 
Aug  7 06:56:18 hetznew postfix/policy-spf[29736]: Attribute: reverse_client_name=mail.littercorp.com 
Aug  7 06:56:18 hetznew postfix/policy-spf[29736]: Attribute: sasl_method= 
Aug  7 06:56:18 hetznew postfix/policy-spf[29736]: Attribute: sasl_sender= 
Aug  7 06:56:18 hetznew postfix/policy-spf[29736]: Attribute: sasl_username= 
Aug  7 06:56:18 hetznew postfix/policy-spf[29736]: Attribute: sender=jill-shirley@yahoo.com.tw 
Aug  7 06:56:18 hetznew postfix/policy-spf[29736]: Attribute: size=3600 
Aug  7 06:56:18 hetznew postfix/policy-spf[29736]: : testing: stripped sender=jill@yahoo.com.tw, stripped rcpt=rgerhards@adiscon.com 
Aug  7 06:56:18 hetznew postfix/policy-spf[29736]: handler testing: DUNNO 
Aug  7 06:56:18 hetznew postfix/policy-spf[29736]: : SPF none: smtp_comment=SPF: domain of sender jill-shirley@yahoo.com.tw does not designate mailers, header_comment=hetznew.adiscon.com: domain of jill-shirley@yahoo.com.tw does not designate permitted sender hosts 
Aug  7 06:56:18 hetznew postfix/policy-spf[29736]: handler sender_permitted_from: DUNNO 
Aug  7 06:56:18 hetznew postfix/policy-spf[29736]: decided action=DUNNO 
Aug  7 06:56:18 hetznew postfix/smtpd[29720]: NOQUEUE: reject: RCPT from unknown[216.201.21.133]: 450 4.7.1 <rgerhards@adiscon.com>: Recipient address rejected: Greylisted, see http://isg.ee.ethz.ch/tools/postgrey/help/adiscon.com.html; from=<jill-shirley@yahoo.com.tw> to=<rgerhards@adiscon.com> proto=ESMTP helo=<sv14.lci.loc>
Aug  7 06:56:19 hetznew postfix/smtpd[29720]: lost connection after RSET from unknown[216.201.21.133]
Aug  7 06:56:19 hetznew postfix/smtpd[29720]: disconnect from unknown[216.201.21.133]
Aug  7 06:57:15 hetznew postfix/smtpd[29720]: warning: 60.51.234.145: hostname 51.60.in-addr.arpa.tm.net.my verification failed: Name or service not known
Aug  7 06:57:15 hetznew postfix/smtpd[29720]: connect from unknown[60.51.234.145]
Aug  7 06:57:16 hetznew postfix/smtpd[29720]: NOQUEUE: reject: RCPT from unknown[60.51.234.145]: 504 5.5.2 <mtbco-wvf2cws5q>: Helo command rejected: need fully-qualified hostname; from=<cufadp@aftec.fr> to=<cuf@adiscon.com> proto=SMTP helo=<mtbco-wvf2cws5q>
Aug  7 06:57:17 hetznew postfix/smtpd[29720]: disconnect from unknown[60.51.234.145]
Aug  7 06:57:20 hetznew postfix/smtpd[29720]: connect from unknown[190.67.247.252]
Aug  7 06:57:21 hetznew postfix/smtpd[29720]: NOQUEUE: reject: RCPT from unknown[190.67.247.252]: 504 5.5.2 <190.67.247.252>: Helo command rejected: need fully-qualified hostname; from=<pyziak@notar.pl> to=<yoay@hq.adiscon.com> proto=ESMTP helo=<190.67.247.252>
Aug  7 06:57:21 hetznew postfix/smtpd[29720]: lost connection after DATA from unknown[190.67.247.252]
Aug  7 06:57:21 hetznew postfix/smtpd[29720]: disconnect from unknown[190.67.247.252]
Aug  7 06:57:23 hetznew kernel: output: IN= OUT=eth0 SRC=85.10.198.18 DST=195.167.52.18 LEN=40 TOS=0x00 PREC=0x00 TTL=64 ID=0 DF PROTO=TCP SPT=80 DPT=20856 WINDOW=0 RES=0x00 RST URGP=0 
Aug  7 06:57:23 hetznew kernel: output: IN= OUT=eth0 SRC=85.10.198.18 DST=195.167.52.18 LEN=40 TOS=0x00 PREC=0x00 TTL=64 ID=0 DF PROTO=TCP SPT=80 DPT=20855 WINDOW=0 RES=0x00 RST URGP=0 
Aug  7 06:57:24 hetznew kernel: output: IN= OUT=eth0 SRC=85.10.198.18 DST=195.167.52.18 LEN=40 TOS=0x00 PREC=0x00 TTL=64 ID=0 DF PROTO=TCP SPT=80 DPT=20856 WINDOW=0 RES=0x00 RST URGP=0 
Aug  7 06:57:25 hetznew kernel: output: IN= OUT=eth0 SRC=85.10.198.18 DST=195.167.52.18 LEN=40 TOS=0x00 PREC=0x00 TTL=64 ID=0 DF PROTO=TCP SPT=80 DPT=20855 WINDOW=0 RES=0x00 RST URGP=0 
Aug  7 06:57:28 hetznew kernel: output: IN= OUT=eth0 SRC=85.10.198.18 DST=195.167.52.18 LEN=40 TOS=0x00 PREC=0x00 TTL=64 ID=0 DF PROTO=TCP SPT=80 DPT=20856 WINDOW=0 RES=0x00 RST URGP=0 
Aug  7 06:57:30 hetznew kernel: output: IN= OUT=eth0 SRC=85.10.198.18 DST=195.167.52.18 LEN=40 TOS=0x00 PREC=0x00 TTL=64 ID=0 DF PROTO=TCP SPT=80 DPT=20855 WINDOW=0 RES=0x00 RST URGP=0 
Aug  7 06:57:36 hetznew kernel: output: IN= OUT=eth0 SRC=85.10.198.18 DST=195.167.52.18 LEN=40 TOS=0x00 PREC=0x00 TTL=64 ID=0 DF PROTO=TCP SPT=80 DPT=20856 WINDOW=0 RES=0x00 RST URGP=0 
Aug  7 06:57:39 hetznew kernel: output: IN= OUT=eth0 SRC=85.10.198.18 DST=195.167.52.18 LEN=40 TOS=0x00 PREC=0x00 TTL=64 ID=0 DF PROTO=TCP SPT=80 DPT=20855 WINDOW=0 RES=0x00 RST URGP=0 
Aug  7 06:57:48 hetznew postfix/smtpd[29720]: connect from p5087BDAE.dip.t-dialin.net[80.135.189.174]
Aug  7 06:57:49 hetznew postfix/smtpd[29720]: 78CAF7AC121: client=p5087BDAE.dip.t-dialin.net[80.135.189.174], sasl_method=LOGIN, sasl_username=adiscontest@mailin.adiscon.com
Aug  7 06:57:49 hetznew postfix/cleanup[29744]: 78CAF7AC121: message-id=<1218092335.201844.1840-root@172.16.0.222>
Aug  7 06:58:01 hetznew /USR/SBIN/CRON[29746]: (al) CMD (sh /home/al/www/custservice.adiscon.com/email/catchemails.sh >/dev/null 2>&1)
Aug  7 06:58:03 hetznew postfix/qmgr[29877]: 78CAF7AC121: from=<alorbach@ro1.adiscon.com>, size=616316, nrcpt=1 (queue active)
Aug  7 06:58:03 hetznew postfix/smtpd[29720]: disconnect from p5087BDAE.dip.t-dialin.net[80.135.189.174]
Aug  7 06:58:03 hetznew postfix/smtpd[29751]: connect from localhost[127.0.0.1]
Aug  7 06:58:03 hetznew postfix/smtpd[29751]: 898CE7AED81: client=localhost[127.0.0.1]
Aug  7 06:58:03 hetznew postfix/cleanup[29744]: 898CE7AED81: message-id=<1218092335.201844.1840-root@172.16.0.222>
Aug  7 06:58:03 hetznew postfix/smtpd[29751]: disconnect from localhost[127.0.0.1]
Aug  7 06:58:03 hetznew amavis[28261]: (28261-08) Passed CLEAN, [80.135.189.174] <alorbach@ro1.adiscon.com> -> <rgerhards@gmail.com>, Message-ID: <1218092335.201844.1840-root@172.16.0.222>, mail_id: JrLmuO32hnBc, Hits: -, queued_as: 898CE7AED81, 542 ms
Aug  7 06:58:03 hetznew postfix/smtp[29749]: 78CAF7AC121: to=<rgerhards@gmail.com>, relay=127.0.0.1[127.0.0.1]:10024, delay=14, delays=14/0.03/0/0.54, dsn=2.6.0, status=sent (250 2.6.0 Ok, id=28261-08, from MTA([127.0.0.1]:10025): 250 2.0.0 Ok: queued as 898CE7AED81)
Aug  7 06:58:03 hetznew postfix/qmgr[29877]: 898CE7AED81: from=<alorbach@ro1.adiscon.com>, size=616705, nrcpt=1 (queue active)
Aug  7 06:58:03 hetznew postfix/qmgr[29877]: 78CAF7AC121: removed
Aug  7 06:58:04 hetznew postfix/smtp[29753]: 898CE7AED81: to=<rgerhards@gmail.com>, relay=gmail-smtp-in.l.google.com[209.85.135.27]:25, delay=1.1, delays=0.16/0.01/0.06/0.84, dsn=2.0.0, status=sent (250 2.0.0 OK 1218085154 i5si37148835mue.2)
Aug  7 06:58:04 hetznew postfix/qmgr[29877]: 898CE7AED81: removed
Aug  7 06:58:33 hetznew pdns[15240]: Not authoritative for 'www.spoho.de', sending servfail to 81.169.163.106
Aug  7 06:58:48 hetznew pdns[15240]: Not authoritative for 'spoho.de', sending servfail to 81.169.163.106
Aug  7 06:58:54 hetznew kernel: input: IN=eth0 OUT= MAC=00:e0:4d:88:92:fe:00:02:85:04:40:80:08:00 SRC=216.249.198.118 DST=85.10.198.18 LEN=60 TOS=0x00 PREC=0x00 TTL=51 ID=21766 DF PROTO=TCP SPT=3840 DPT=23 WINDOW=5840 RES=0x00 SYN URGP=0 
Aug  7 06:59:32 hetznew postfix/anvil[29312]: statistics: max connection rate 1/60s for (smtp:190.42.36.43) at Aug  7 06:50:45
Aug  7 06:59:32 hetznew postfix/anvil[29312]: statistics: max connection count 1 for (smtp:190.42.36.43) at Aug  7 06:50:45
Aug  7 06:59:32 hetznew postfix/anvil[29312]: statistics: max cache size 3 at Aug  7 06:57:48
Aug  7 06:59:39 hetznew postfix/smtpd[29720]: connect from s15216452.onlinehome-server.info[87.106.22.190]
Aug  7 06:59:39 hetznew postfix/smtpd[29720]: 6AC447AC121: client=s15216452.onlinehome-server.info[87.106.22.190]
Aug  7 06:59:39 hetznew postfix/cleanup[29744]: 6AC447AC121: message-id=<S15216452Y7Y3E9R1kr00000002@s164664205.online.de>
Aug  7 06:59:39 hetznew postfix/smtpd[29720]: disconnect from s15216452.onlinehome-server.info[87.106.22.190]
Aug  7 06:59:39 hetznew postfix/qmgr[29877]: 6AC447AC121: from=<s164664205@adiscon.com>, size=1199, nrcpt=1 (queue active)
Aug  7 06:59:39 hetznew postfix/smtpd[29751]: connect from localhost[127.0.0.1]
Aug  7 06:59:39 hetznew postfix/smtpd[29751]: A568C7AED81: client=localhost[127.0.0.1]
Aug  7 06:59:39 hetznew postfix/cleanup[29744]: A568C7AED81: message-id=<S15216452Y7Y3E9R1kr00000002@s164664205.online.de>
Aug  7 06:59:39 hetznew postfix/smtpd[29751]: disconnect from localhost[127.0.0.1]
Aug  7 06:59:39 hetznew amavis[28337]: (28337-08) Passed CLEAN, [87.106.22.190] <s164664205@adiscon.com> -> <downloadinfo@adiscon.com>, Message-ID: <S15216452Y7Y3E9R1kr00000002@s164664205.online.de>, mail_id: XJqdDyX+IsYW, Hits: -, queued_as: A568C7AED81, 145 ms
Aug  7 06:59:39 hetznew postfix/qmgr[29877]: A568C7AED81: from=<s164664205@adiscon.com>, size=1598, nrcpt=1 (queue active)
Aug  7 06:59:39 hetznew postfix/smtp[29749]: 6AC447AC121: to=<downloadinfo@adiscon.com>, relay=127.0.0.1[127.0.0.1]:10024, delay=0.34, delays=0.18/0/0/0.16, dsn=2.6.0, status=sent (250 2.6.0 Ok, id=28337-08, from MTA([127.0.0.1]:10025): 250 2.0.0 Ok: queued as A568C7AED81)
Aug  7 06:59:39 hetznew postfix/qmgr[29877]: 6AC447AC121: removed
Aug  7 06:59:41 hetznew postfix/smtp[29753]: A568C7AED81: to=<downloadinfo@adiscon.com>, relay=fm.adiscon.com[80.135.189.174]:25, delay=1.5, delays=0.09/0/0.95/0.42, dsn=2.0.0, status=sent (250 Ok: queued as A68123AE28B)
Aug  7 06:59:41 hetznew postfix/qmgr[29877]: A568C7AED81: removed
Aug  7 06:59:48 hetznew postfix/smtpd[29720]: warning: 59.183.10.112: hostname triband-mum-59.183.10.112.mtnl.net.in verification failed: Name or service not known
Aug  7 06:59:48 hetznew postfix/smtpd[29720]: connect from unknown[59.183.10.112]
Aug  7 06:59:49 hetznew postfix/smtpd[29720]: NOQUEUE: reject_warning: RCPT from unknown[59.183.10.112]: 450 4.7.1 <triband-mum-59.183.10.112.mtnl.net.in>: Helo command rejected: Host not found; from=<98fcmp@fcmp.fr> to=<alorbach@adiscon.com> proto=ESMTP helo=<triband-mum-59.183.10.112.mtnl.net.in>
Aug  7 06:59:49 hetznew postfix/smtpd[29720]: NOQUEUE: reject: RCPT from unknown[59.183.10.112]: 554 5.7.1 Service unavailable; Client host [59.183.10.112] blocked using zen.spamhaus.org; http://www.spamhaus.org/query/bl?ip=59.183.10.112; from=<98fcmp@fcmp.fr> to=<alorbach@adiscon.com> proto=ESMTP helo=<triband-mum-59.183.10.112.mtnl.net.in>
Aug  7 06:59:50 hetznew postfix/smtpd[29720]: lost connection after DATA from unknown[59.183.10.112]
Aug  7 06:59:50 hetznew postfix/smtpd[29720]: disconnect from unknown[59.183.10.112]
Aug  7 07:00:01 hetznew /USR/SBIN/CRON[29756]: (al) CMD (sh /home/al/www/windows-expert.com/newssync/go-newssync-nice >/dev/null 2>&1)
Aug  7 07:00:01 hetznew /USR/SBIN/CRON[29758]: (al) CMD (sh /home/al/www/custservice.adiscon.com/email/catchemails.sh >/dev/null 2>&1)
Aug  7 07:00:01 hetznew /USR/SBIN/CRON[29762]: (al) CMD (sh /home/al/www/awstats/genstats.sh >/dev/null 2>&1)
Aug  7 07:00:02 hetznew postfix/smtpd[29720]: connect from p5087BDAE.dip.t-dialin.net[80.135.189.174]
Aug  7 07:00:03 hetznew postfix/smtpd[29720]: A0E3F7AC121: client=p5087BDAE.dip.t-dialin.net[80.135.189.174], sasl_method=LOGIN, sasl_username=adiscontest@mailin.adiscon.com
Aug  7 07:00:04 hetznew postfix/cleanup[29744]: A0E3F7AC121: message-id=<1218092469.541219.1912-root@172.16.0.222>
Aug  7 07:00:07 hetznew pdns[15240]: Not authoritative for 'spoho.de', sending servfail to 198.206.203.6
Aug  7 07:00:09 hetznew pdns[15240]: Ignoring wildcard CNAME 'server.shooter-szene.de' pointing at itself
Aug  7 07:00:18 hetznew postfix/qmgr[29877]: A0E3F7AC121: from=<alorbach@ro1.adiscon.com>, size=632806, nrcpt=1 (queue active)
Aug  7 07:00:18 hetznew postfix/smtpd[29720]: disconnect from p5087BDAE.dip.t-dialin.net[80.135.189.174]
Aug  7 07:00:18 hetznew postfix/smtpd[29751]: connect from localhost[127.0.0.1]
Aug  7 07:00:19 hetznew postfix/smtpd[29751]: 9FA2A7AED81: client=localhost[127.0.0.1]
Aug  7 07:00:19 hetznew postfix/cleanup[29744]: 9FA2A7AED81: message-id=<1218092469.541219.1912-root@172.16.0.222>
Aug  7 07:00:19 hetznew postfix/smtpd[29751]: disconnect from localhost[127.0.0.1]
Aug  7 07:00:19 hetznew amavis[28261]: (28261-09) Passed CLEAN, [80.135.189.174] <alorbach@ro1.adiscon.com> -> <rgerhards@gmail.com>, Message-ID: <1218092469.541219.1912-root@172.16.0.222>, mail_id: e5wZtkzvQ1XD, Hits: -, queued_as: 9FA2A7AED81, 696 ms
Aug  7 07:00:19 hetznew postfix/smtp[29749]: A0E3F7AC121: to=<rgerhards@gmail.com>, relay=127.0.0.1[127.0.0.1]:10024, delay=16, delays=15/0/0/0.7, dsn=2.6.0, status=sent (250 2.6.0 Ok, id=28261-09, from MTA([127.0.0.1]:10025): 250 2.0.0 Ok: queued as 9FA2A7AED81)
Aug  7 07:00:19 hetznew postfix/qmgr[29877]: 9FA2A7AED81: from=<alorbach@ro1.adiscon.com>, size=633195, nrcpt=1 (queue active)
Aug  7 07:00:19 hetznew postfix/qmgr[29877]: A0E3F7AC121: removed
Aug  7 07:00:21 hetznew postfix/smtp[29753]: 9FA2A7AED81: to=<rgerhards@gmail.com>, relay=gmail-smtp-in.l.google.com[72.14.221.27]:25, delay=2.4, delays=0.5/0/0.03/1.9, dsn=2.0.0, status=sent (250 2.0.0 OK 1218085290 l19si4082561fgb.7)
Aug  7 07:00:21 hetznew postfix/qmgr[29877]: 9FA2A7AED81: removed
Aug  7 07:00:35 hetznew kernel: input: IN=eth0 OUT= MAC=00:e0:4d:88:92:fe:00:02:85:04:40:80:08:00 SRC=202.97.238.201 DST=85.10.198.18 LEN=561 TOS=0x00 PREC=0x00 TTL=51 ID=0 DF PROTO=UDP SPT=43531 DPT=1026 LEN=541 
Aug  7 07:00:35 hetznew kernel: input: IN=eth0 OUT= MAC=00:e0:4d:88:92:fe:00:02:85:04:40:80:08:00 SRC=202.97.238.201 DST=85.10.198.18 LEN=561 TOS=0x00 PREC=0x00 TTL=51 ID=0 DF PROTO=UDP SPT=43531 DPT=1027 LEN=541 
Aug  7 07:00:39 hetznew postfix/pickup[29149]: 0ED7F7AED81: uid=33 from=<www-data>
Aug  7 07:00:39 hetznew postfix/cleanup[29744]: 0ED7F7AED81: message-id=<a16114535d610d384001152b6bcfc2f9@kb.monitorware.com>
Aug  7 07:00:39 hetznew postfix/qmgr[29877]: 0ED7F7AED81: from=<www-data@adiscon.com>, size=1690, nrcpt=1 (queue active)
Aug  7 07:00:39 hetznew postfix/smtpd[29751]: connect from localhost[127.0.0.1]
Aug  7 07:00:39 hetznew postfix/smtpd[29751]: 471407AC121: client=localhost[127.0.0.1]
Aug  7 07:00:39 hetznew postfix/cleanup[29744]: 471407AC121: message-id=<a16114535d610d384001152b6bcfc2f9@kb.monitorware.com>
Aug  7 07:00:39 hetznew postfix/smtpd[29751]: disconnect from localhost[127.0.0.1]
Aug  7 07:00:39 hetznew amavis[28337]: (28337-09) Passed CLEAN, <www-data@adiscon.com> -> <dirk.schulz@kinzesberg.de>, Message-ID: <a16114535d610d384001152b6bcfc2f9@kb.monitorware.com>, mail_id: H9vgOJC9YQnO, Hits: -, queued_as: 471407AC121, 208 ms
Aug  7 07:00:39 hetznew postfix/smtp[29749]: 0ED7F7AED81: to=<dirk.schulz@kinzesberg.de>, relay=127.0.0.1[127.0.0.1]:10024, delay=0.5, delays=0.28/0/0/0.21, dsn=2.6.0, status=sent (250 2.6.0 Ok, id=28337-09, from MTA([127.0.0.1]:10025): 250 2.0.0 Ok: queued as 471407AC121)
Aug  7 07:00:39 hetznew postfix/qmgr[29877]: 471407AC121: from=<www-data@adiscon.com>, size=2091, nrcpt=1 (queue active)
Aug  7 07:00:39 hetznew postfix/qmgr[29877]: 0ED7F7AED81: removed
Aug  7 07:00:39 hetznew postfix/smtp[29753]: connect to mailgate1.itsystemsservice.de[217.64.170.2]: Connection refused (port 25)
Aug  7 07:00:41 hetznew postfix/smtp[29753]: 471407AC121: host mailgate2.itsystemsservice.de[217.64.170.3] said: 450 4.7.1 <dirk.schulz@kinzesberg.de>: Recipient address rejected: Service is unavailable (in reply to RCPT TO command)
Aug  7 07:00:42 hetznew postfix/smtp[29753]: 471407AC121: to=<dirk.schulz@kinzesberg.de>, relay=mailgate3.itsystemsservice.de[88.198.177.59]:25, delay=3, delays=0.14/0/2.3/0.49, dsn=4.7.1, status=deferred (host mailgate3.itsystemsservice.de[88.198.177.59] said: 450 4.7.1 <dirk.schulz@kinzesberg.de>: Recipient address rejected: Service is unavailable (in reply to RCPT TO command))
Aug  7 07:00:50 hetznew pdns[15240]: Not authoritative for 'spoho.de', sending servfail to 195.50.140.70
Aug  7 07:02:01 hetznew /USR/SBIN/CRON[29813]: (al) CMD (sh /home/al/www/custservice.adiscon.com/email/catchemails.sh >/dev/null 2>&1)
Aug  7 07:02:05 hetznew pdns[15240]: 1 slave domain needs checking
Aug  7 07:02:05 hetznew pdns[15240]: Domain ultrastats.org is fresh
Aug  7 07:02:12 hetznew postfix/smtpd[29818]: warning: 87.121.17.93: address not listed for hostname 22293.unitednetworx.com
Aug  7 07:02:12 hetznew postfix/smtpd[29818]: connect from unknown[87.121.17.93]
Aug  7 07:02:12 hetznew postfix/smtpd[29818]: NOQUEUE: reject: RCPT from unknown[87.121.17.93]: 554 5.7.1 Service unavailable; Client host [87.121.17.93] blocked using zen.spamhaus.org; http://www.spamhaus.org/query/bl?ip=87.121.17.93; from=<y.hayashi@nippa-co.net> to=<office@adiscon.com> proto=ESMTP helo=<22293.unitednetworx.com>
Aug  7 07:02:12 hetznew postfix/smtpd[29818]: lost connection after DATA from unknown[87.121.17.93]
Aug  7 07:02:12 hetznew postfix/smtpd[29818]: disconnect from unknown[87.121.17.93]
Aug  7 07:02:15 hetznew pdns[15240]: Not authoritative for 'spoho.de', sending servfail to 194.159.187.34
Aug  7 07:02:38 hetznew postfix/smtpd[29818]: connect from unknown[79.111.104.50]
Aug  7 07:02:40 hetznew postfix/smtpd[29818]: NOQUEUE: reject: RCPT from unknown[79.111.104.50]: 504 5.5.2 <your-3c28906035>: Helo command rejected: need fully-qualified hostname; from=<dwplasticolordesignsm@plasticolordesigns.com> to=<privacy@adiscon.com> proto=ESMTP helo=<your-3c28906035>
Aug  7 07:02:41 hetznew postfix/smtpd[29818]: lost connection after DATA from unknown[79.111.104.50]
Aug  7 07:02:41 hetznew postfix/smtpd[29818]: disconnect from unknown[79.111.104.50]
Aug  7 07:03:05 hetznew pdns[15240]: All slave domains are fresh
Aug  7 07:04:02 hetznew /USR/SBIN/CRON[29824]: (al) CMD (sh /home/al/www/custservice.adiscon.com/email/catchemails.sh >/dev/null 2>&1)
Aug  7 07:04:03 hetznew postfix/smtpd[29818]: connect from p5087BDAE.dip.t-dialin.net[80.135.189.174]
Aug  7 07:04:04 hetznew postfix/smtpd[29818]: 4B1917AED81: client=p5087BDAE.dip.t-dialin.net[80.135.189.174], sasl_method=LOGIN, sasl_username=adiscontest@mailin.adiscon.com
Aug  7 07:04:04 hetznew postfix/cleanup[29828]: 4B1917AED81: message-id=<1218092710.330718.1983-root@172.16.0.222>
Aug  7 07:04:19 hetznew postfix/qmgr[29877]: 4B1917AED81: from=<alorbach@ro1.adiscon.com>, size=693724, nrcpt=1 (queue active)
Aug  7 07:04:20 hetznew postfix/smtpd[29818]: disconnect from p5087BDAE.dip.t-dialin.net[80.135.189.174]
Aug  7 07:04:20 hetznew postfix/smtpd[29831]: connect from localhost[127.0.0.1]
Aug  7 07:04:20 hetznew postfix/smtpd[29831]: 32B7D7AEDD1: client=localhost[127.0.0.1]
Aug  7 07:04:20 hetznew postfix/cleanup[29828]: 32B7D7AEDD1: message-id=<1218092710.330718.1983-root@172.16.0.222>
Aug  7 07:04:20 hetznew postfix/smtpd[29831]: disconnect from localhost[127.0.0.1]
Aug  7 07:04:20 hetznew amavis[28261]: (28261-10) Passed CLEAN, [80.135.189.174] <alorbach@ro1.adiscon.com> -> <rgerhards@gmail.com>, Message-ID: <1218092710.330718.1983-root@172.16.0.222>, mail_id: pvkfzZzx3QMy, Hits: -, queued_as: 32B7D7AEDD1, 361 ms
Aug  7 07:04:20 hetznew postfix/smtp[29829]: 4B1917AED81: to=<rgerhards@gmail.com>, relay=127.0.0.1[127.0.0.1]:10024, delay=16, delays=16/0.01/0/0.36, dsn=2.6.0, status=sent (250 2.6.0 Ok, id=28261-10, from MTA([127.0.0.1]:10025): 250 2.0.0 Ok: queued as 32B7D7AEDD1)
Aug  7 07:04:20 hetznew postfix/qmgr[29877]: 32B7D7AEDD1: from=<alorbach@ro1.adiscon.com>, size=694113, nrcpt=1 (queue active)
Aug  7 07:04:20 hetznew postfix/qmgr[29877]: 4B1917AED81: removed
Aug  7 07:04:21 hetznew postfix/smtp[29832]: 32B7D7AEDD1: to=<rgerhards@gmail.com>, relay=gmail-smtp-in.l.google.com[209.85.135.114]:25, delay=1.1, delays=0.18/0.01/0.05/0.84, dsn=2.0.0, status=sent (250 2.0.0 OK 1218085531 y37si5557253mug.9)
Aug  7 07:04:21 hetznew postfix/qmgr[29877]: 32B7D7AEDD1: removed
Aug  7 07:04:40 hetznew postfix/qmgr[29877]: DC0727AEE13: from=<www-data@adiscon.com>, size=1286, nrcpt=1 (queue active)
Aug  7 07:04:41 hetznew postfix/qmgr[29877]: ED51E7AEE37: from=<www-data@adiscon.com>, size=1268, nrcpt=1 (queue active)
Aug  7 07:04:41 hetznew postfix/qmgr[29877]: E0DB97AF098: from=<al@adiscon.com>, size=4191, nrcpt=1 (queue active)
Aug  7 07:04:41 hetznew postfix/smtp[29832]: connect to pmrmail.com[66.63.191.149]: Connection refused (port 25)
Aug  7 07:04:41 hetznew postfix/smtp[29832]: DC0727AEE13: to=<dimeirrilla@pmrmail.com>, relay=none, delay=278557, delays=278556/0.55/0.32/0, dsn=4.4.1, status=deferred (connect to pmrmail.com[66.63.191.149]: Connection refused)
Aug  7 07:04:42 hetznew postfix/smtp[29832]: connect to zdl.net[66.116.109.87]: Connection refused (port 25)
Aug  7 07:04:42 hetznew postfix/smtp[29832]: E0DB97AF098: to=<a0653.kzvwp@zdl.net>, relay=none, delay=127239, delays=127238/0.31/0.67/0, dsn=4.4.1, status=deferred (connect to zdl.net[66.116.109.87]: Connection refused)
Aug  7 07:05:08 hetznew postfix/smtpd[29818]: connect from 190-76-104-226.dyn.movilnet.com.ve[190.76.104.226]
Aug  7 07:05:10 hetznew postfix/smtpd[29818]: NOQUEUE: reject: RCPT from 190-76-104-226.dyn.movilnet.com.ve[190.76.104.226]: 554 5.7.1 Service unavailable; Client host [190.76.104.226] blocked using zen.spamhaus.org; http://www.spamhaus.org/query/bl?ip=190.76.104.226; from=<splicep38@clkgroup.com> to=<er@lists.adiscon.com> proto=ESMTP helo=<190-76-104-226.dyn.movilnet.com.ve>
Aug  7 07:05:10 hetznew postfix/smtpd[29818]: lost connection after DATA from 190-76-104-226.dyn.movilnet.com.ve[190.76.104.226]
Aug  7 07:05:10 hetznew postfix/smtpd[29818]: disconnect from 190-76-104-226.dyn.movilnet.com.ve[190.76.104.226]
Aug  7 07:05:37 hetznew postfix/smtp[29835]: ED51E7AEE37: to=<rinimahoj@volvoknoxville.cn>, relay=none, delay=256551, delays=256495/0.3/56/0, dsn=4.4.3, status=deferred (Host or domain name not found. Name service error for name=volvoknoxville.cn type=MX: Host not found, try again)
Aug  7 07:05:42 hetznew postfix/smtpd[29818]: connect from toroon63-1177846042.sdsl.bell.ca[70.52.129.26]
Aug  7 07:05:43 hetznew postfix/smtpd[29818]: NOQUEUE: reject: RCPT from toroon63-1177846042.sdsl.bell.ca[70.52.129.26]: 450 4.1.8 <PlcmSpIp@druid.kolody>: Sender address rejected: Domain not found; from=<PlcmSpIp@druid.kolody> to=<rgerhards@hq.adiscon.com> proto=ESMTP helo=<druid.kolody>
Aug  7 07:06:01 hetznew /USR/SBIN/CRON[29841]: (al) CMD (sh /home/al/www/custservice.adiscon.com/email/catchemails.sh >/dev/null 2>&1)
Aug  7 07:06:13 hetznew pdns[15240]: Not authoritative for 'spoho.de', sending servfail to 62.146.65.253
Aug  7 07:06:46 hetznew postfix/smtpd[29845]: warning: 216.201.21.133: address not listed for hostname mail.littercorp.com
Aug  7 07:06:46 hetznew postfix/smtpd[29845]: connect from unknown[216.201.21.133]
Aug  7 07:06:47 hetznew postfix/smtpd[29845]: NOQUEUE: reject_warning: RCPT from unknown[216.201.21.133]: 450 4.7.1 <sv14.lci.loc>: Helo command rejected: Host not found; from=<jill-shirley@yahoo.com.tw> to=<rgerhards@adiscon.com> proto=ESMTP helo=<sv14.lci.loc>
Aug  7 07:06:47 hetznew postfix/policy-spf[29848]: Attribute: ccert_fingerprint= 
Aug  7 07:06:47 hetznew postfix/policy-spf[29848]: Attribute: ccert_issuer= 
Aug  7 07:06:47 hetznew postfix/policy-spf[29848]: Attribute: ccert_subject= 
Aug  7 07:06:47 hetznew postfix/policy-spf[29848]: Attribute: client_address=216.201.21.133 
Aug  7 07:06:47 hetznew postfix/policy-spf[29848]: Attribute: client_name=unknown 
Aug  7 07:06:47 hetznew postfix/policy-spf[29848]: Attribute: encryption_cipher= 
Aug  7 07:06:47 hetznew postfix/policy-spf[29848]: Attribute: encryption_keysize=0 
Aug  7 07:06:47 hetznew postfix/policy-spf[29848]: Attribute: encryption_protocol= 
Aug  7 07:06:47 hetznew postfix/policy-spf[29848]: Attribute: etrn_domain= 
Aug  7 07:06:47 hetznew postfix/policy-spf[29848]: Attribute: helo_name=sv14.lci.loc 
Aug  7 07:06:47 hetznew postfix/policy-spf[29848]: Attribute: instance=7495.489a82e6.cc84e.0 
Aug  7 07:06:47 hetznew postfix/policy-spf[29848]: Attribute: protocol_name=ESMTP 
Aug  7 07:06:47 hetznew postfix/policy-spf[29848]: Attribute: protocol_state=RCPT 
Aug  7 07:06:47 hetznew postfix/policy-spf[29848]: Attribute: queue_id= 
Aug  7 07:06:47 hetznew postfix/policy-spf[29848]: Attribute: recipient=rgerhards@adiscon.com 
Aug  7 07:06:47 hetznew postfix/policy-spf[29848]: Attribute: recipient_count=0 
Aug  7 07:06:47 hetznew postfix/policy-spf[29848]: Attribute: request=smtpd_access_policy 
Aug  7 07:06:47 hetznew postfix/policy-spf[29848]: Attribute: reverse_client_name=mail.littercorp.com 
Aug  7 07:06:47 hetznew postfix/policy-spf[29848]: Attribute: sasl_method= 
Aug  7 07:06:47 hetznew postfix/policy-spf[29848]: Attribute: sasl_sender= 
Aug  7 07:06:47 hetznew postfix/policy-spf[29848]: Attribute: sasl_username= 
Aug  7 07:06:47 hetznew postfix/policy-spf[29848]: Attribute: sender=jill-shirley@yahoo.com.tw 
Aug  7 07:06:47 hetznew postfix/policy-spf[29848]: Attribute: size=3600 
Aug  7 07:06:47 hetznew postfix/policy-spf[29848]: : testing: stripped sender=jill@yahoo.com.tw, stripped rcpt=rgerhards@adiscon.com 
Aug  7 07:06:47 hetznew postfix/policy-spf[29848]: handler testing: DUNNO 
Aug  7 07:06:47 hetznew postfix/policy-spf[29848]: : SPF none: smtp_comment=SPF: domain of sender jill-shirley@yahoo.com.tw does not designate mailers, header_comment=hetznew.adiscon.com: domain of jill-shirley@yahoo.com.tw does not designate permitted sender hosts 
Aug  7 07:06:47 hetznew postfix/policy-spf[29848]: handler sender_permitted_from: DUNNO 
Aug  7 07:06:47 hetznew postfix/policy-spf[29848]: decided action=DUNNO 
Aug  7 07:06:47 hetznew postgrey[2478]: delayed 721 seconds: client=216.201.21.133, from=jill-shirley@yahoo.com.tw, to=rgerhards@adiscon.com 
Aug  7 07:06:47 hetznew postfix/smtpd[29845]: 82F287AED81: client=unknown[216.201.21.133]
Aug  7 07:06:47 hetznew postfix/cleanup[29849]: 82F287AED81: message-id=<IPSRICJJRWVZAGZRSDTG.MXAVWJGjill-shirley@yahoo.com.tw>
Aug  7 07:06:47 hetznew postfix/qmgr[29877]: 82F287AED81: from=<jill-shirley@yahoo.com.tw>, size=3852, nrcpt=1 (queue active)
Aug  7 07:06:48 hetznew postfix/smtpd[29845]: disconnect from unknown[216.201.21.133]
Aug  7 07:06:48 hetznew postfix/smtpd[29852]: connect from localhost[127.0.0.1]
Aug  7 07:06:48 hetznew postfix/smtpd[29852]: 296317AEE67: client=localhost[127.0.0.1]
Aug  7 07:06:48 hetznew postfix/cleanup[29849]: 296317AEE67: message-id=<IPSRICJJRWVZAGZRSDTG.MXAVWJGjill-shirley@yahoo.com.tw>
Aug  7 07:06:48 hetznew postfix/smtpd[29852]: disconnect from localhost[127.0.0.1]
Aug  7 07:06:48 hetznew amavis[28337]: (28337-10) Passed BAD-HEADER, [219.81.232.241] <jill-shirley@yahoo.com.tw> -> <rgerhards@adiscon.com>, quarantine: badh-t3pqt7i12Ni0, Message-ID: <IPSRICJJRWVZAGZRSDTG.MXAVWJGjill-shirley@yahoo.com.tw>, mail_id: t3pqt7i12Ni0, Hits: -, queued_as: 296317AEE67, 328 ms
Aug  7 07:06:48 hetznew postfix/smtp[29850]: 82F287AED81: to=<rgerhards@adiscon.com>, relay=127.0.0.1[127.0.0.1]:10024, delay=1.5, delays=1.1/0.01/0/0.33, dsn=2.6.0, status=sent (250 2.6.0 Ok, id=28337-10, from MTA([127.0.0.1]:10025): 250 2.0.0 Ok: queued as 296317AEE67)
Aug  7 07:06:48 hetznew postfix/qmgr[29877]: 296317AEE67: from=<jill-shirley@yahoo.com.tw>, size=4415, nrcpt=1 (queue active)
Aug  7 07:06:48 hetznew postfix/qmgr[29877]: 82F287AED81: removed
Aug  7 07:06:49 hetznew postfix/smtp[29835]: 296317AEE67: to=<rgerhards@adiscon.com>, relay=fm.adiscon.com[80.135.189.174]:25, delay=1.3, delays=0.17/0.01/0.55/0.59, dsn=2.0.0, status=sent (250 Ok: queued as D26393AE28B)
Aug  7 07:06:49 hetznew postfix/qmgr[29877]: 296317AEE67: removed
Aug  7 07:07:01 hetznew postfix/smtpd[29845]: connect from 124-8-21-59.dynamic.tfn.net.tw[124.8.21.59]
Aug  7 07:07:02 hetznew pdns[15240]: Not authoritative for 'spoho.de', sending servfail to 195.74.126.50
Aug  7 07:07:05 hetznew postfix/smtpd[29845]: NOQUEUE: reject: RCPT from 124-8-21-59.dynamic.tfn.net.tw[124.8.21.59]: 554 5.7.1 Service unavailable; Client host [124.8.21.59] blocked using zen.spamhaus.org; http://www.spamhaus.org/query/bl?ip=124.8.21.59; from=<yly@bluntrocks.com> to=<hraja@adiscon.com> proto=ESMTP helo=<[124.8.21.59]>
Aug  7 07:07:06 hetznew postfix/smtpd[29845]: lost connection after RCPT from 124-8-21-59.dynamic.tfn.net.tw[124.8.21.59]
Aug  7 07:07:06 hetznew postfix/smtpd[29845]: disconnect from 124-8-21-59.dynamic.tfn.net.tw[124.8.21.59]
Aug  7 07:07:26 hetznew postfix/smtpd[29845]: warning: 79.164.152.22: hostname host-79-164-152-22.qwerty.ru verification failed: Name or service not known
Aug  7 07:07:26 hetznew postfix/smtpd[29845]: connect from unknown[79.164.152.22]
Aug  7 07:07:28 hetznew postfix/smtpd[29845]: NOQUEUE: reject_warning: RCPT from unknown[79.164.152.22]: 450 4.7.1 <host-79-164-152-22.qwerty.ru>: Helo command rejected: Host not found; from=<temsmq@yahoo.de> to=<erftstadtticker@adiscon.com> proto=ESMTP helo=<host-79-164-152-22.qwerty.ru>
Aug  7 07:07:28 hetznew postfix/smtpd[29845]: NOQUEUE: reject: RCPT from unknown[79.164.152.22]: 554 5.7.1 <erftstadtticker@adiscon.com>: Recipient address rejected: No spam please; from=<temsmq@yahoo.de> to=<erftstadtticker@adiscon.com> proto=ESMTP helo=<host-79-164-152-22.qwerty.ru>
Aug  7 07:07:28 hetznew postfix/smtpd[29845]: lost connection after DATA from unknown[79.164.152.22]
Aug  7 07:07:28 hetznew postfix/smtpd[29845]: disconnect from unknown[79.164.152.22]
Aug  7 07:07:38 hetznew postfix/smtpd[29845]: connect from p5087BDAE.dip.t-dialin.net[80.135.189.174]
Aug  7 07:07:39 hetznew postfix/smtpd[29845]: 2999C7AED81: client=p5087BDAE.dip.t-dialin.net[80.135.189.174], sasl_method=LOGIN, sasl_username=adiscontest@mailin.adiscon.com
Aug  7 07:07:39 hetznew postfix/cleanup[29849]: 2999C7AED81: message-id=<1218092922.607753.2045-root@172.16.0.222>
Aug  7 07:07:47 hetznew postfix/smtpd[29818]: disconnect from toroon63-1177846042.sdsl.bell.ca[70.52.129.26]
Aug  7 07:08:01 hetznew /USR/SBIN/CRON[29855]: (al) CMD (sh /home/al/www/custservice.adiscon.com/email/catchemails.sh >/dev/null 2>&1)
Aug  7 07:08:01 hetznew postfix/qmgr[29877]: 2999C7AED81: from=<alorbach@ro1.adiscon.com>, size=1160900, nrcpt=1 (queue active)
Aug  7 07:08:01 hetznew postfix/smtpd[29845]: disconnect from p5087BDAE.dip.t-dialin.net[80.135.189.174]
Aug  7 07:08:02 hetznew postfix/smtpd[29852]: connect from localhost[127.0.0.1]
Aug  7 07:08:02 hetznew postfix/smtpd[29852]: 343C97AEE67: client=localhost[127.0.0.1]
Aug  7 07:08:02 hetznew postfix/cleanup[29849]: 343C97AEE67: message-id=<1218092922.607753.2045-root@172.16.0.222>
Aug  7 07:08:02 hetznew postfix/smtpd[29852]: disconnect from localhost[127.0.0.1]
Aug  7 07:08:02 hetznew amavis[29833]: (29833-01) Passed CLEAN, [80.135.189.174] <alorbach@ro1.adiscon.com> -> <rgerhards@gmail.com>, Message-ID: <1218092922.607753.2045-root@172.16.0.222>, mail_id: PzWFOlj5uvs5, Hits: -, queued_as: 343C97AEE67, 439 ms
Aug  7 07:08:02 hetznew postfix/smtp[29850]: 2999C7AED81: to=<rgerhards@gmail.com>, relay=127.0.0.1[127.0.0.1]:10024, delay=23, delays=23/0/0.01/0.44, dsn=2.6.0, status=sent (250 2.6.0 Ok, id=29833-01, from MTA([127.0.0.1]:10025): 250 2.0.0 Ok: queued as 343C97AEE67)
Aug  7 07:08:02 hetznew postfix/qmgr[29877]: 343C97AEE67: from=<alorbach@ro1.adiscon.com>, size=1161289, nrcpt=1 (queue active)
Aug  7 07:08:02 hetznew postfix/qmgr[29877]: 2999C7AED81: removed
Aug  7 07:08:03 hetznew postfix/smtp[29835]: 343C97AEE67: to=<rgerhards@gmail.com>, relay=gmail-smtp-in.l.google.com[72.14.221.27]:25, delay=0.86, delays=0.2/0/0.02/0.63, dsn=2.0.0, status=sent (250 2.0.0 OK 1218085752 d6si4015362fga.2)
Aug  7 07:08:03 hetznew postfix/qmgr[29877]: 343C97AEE67: removed
Aug  7 07:08:09 hetznew kernel: output: IN= OUT=eth0 SRC=85.10.198.18 DST=74.6.22.108 LEN=52 TOS=0x00 PREC=0x00 TTL=64 ID=39324 DF PROTO=TCP SPT=80 DPT=35366 WINDOW=54 RES=0x00 ACK URGP=0 
Aug  7 07:08:12 hetznew postfix/smtpd[29818]: warning: 79.164.152.22: hostname host-79-164-152-22.qwerty.ru verification failed: Name or service not known
Aug  7 07:08:12 hetznew postfix/smtpd[29818]: connect from unknown[79.164.152.22]
Aug  7 07:08:14 hetznew postfix/smtpd[29818]: NOQUEUE: reject_warning: RCPT from unknown[79.164.152.22]: 450 4.7.1 <host-79-164-152-22.qwerty.ru>: Helo command rejected: Host not found; from=<ghwjbotsecg@brandbox.com> to=<erftstadtticker@adiscon.com> proto=ESMTP helo=<host-79-164-152-22.qwerty.ru>
Aug  7 07:08:14 hetznew postfix/smtpd[29818]: NOQUEUE: reject: RCPT from unknown[79.164.152.22]: 554 5.7.1 <erftstadtticker@adiscon.com>: Recipient address rejected: No spam please; from=<ghwjbotsecg@brandbox.com> to=<erftstadtticker@adiscon.com> proto=ESMTP helo=<host-79-164-152-22.qwerty.ru>
Aug  7 07:08:14 hetznew postfix/smtpd[29818]: lost connection after DATA from unknown[79.164.152.22]
Aug  7 07:08:14 hetznew postfix/smtpd[29818]: disconnect from unknown[79.164.152.22]
Aug  7 07:08:22 hetznew pdns[15240]: Not authoritative for 'spoho.de', sending servfail to 195.24.32.2
Aug  7 07:08:35 hetznew kernel: output: IN= OUT=eth0 SRC=85.10.198.18 DST=74.6.22.108 LEN=64 TOS=0x00 PREC=0x00 TTL=64 ID=39325 DF PROTO=TCP SPT=80 DPT=35366 WINDOW=54 RES=0x00 ACK URGP=0 
Aug  7 07:08:46 hetznew postfix/smtpd[29845]: connect from adsl-64-237-182-177.prtc.net[64.237.182.177]
Aug  7 07:08:48 hetznew postfix/smtpd[29845]: NOQUEUE: reject_warning: RCPT from adsl-64-237-182-177.prtc.net[64.237.182.177]: 450 4.7.1 <speedtouch.lan>: Helo command rejected: Host not found; from=<diemziy9@busys.com> to=<er@lists.adiscon.com> proto=ESMTP helo=<speedtouch.lan>
Aug  7 07:08:49 hetznew postfix/smtpd[29845]: NOQUEUE: reject: RCPT from adsl-64-237-182-177.prtc.net[64.237.182.177]: 554 5.7.1 Service unavailable; Client host [64.237.182.177] blocked using zen.spamhaus.org; http://www.spamhaus.org/query/bl?ip=64.237.182.177; from=<diemziy9@busys.com> to=<er@lists.adiscon.com> proto=ESMTP helo=<speedtouch.lan>
Aug  7 07:08:49 hetznew postfix/smtpd[29845]: lost connection after DATA from adsl-64-237-182-177.prtc.net[64.237.182.177]
